Archive member included to satisfy reference by file (symbol)

../../../../../../../libopencm3-plus//lib/libopencm3_plus_stm32f429idiscovery.a(cdcacm.o)
                              stm_transmitter.o (dotab_cdcacm)
../../../../../../../libopencm3-plus//lib/libopencm3_plus_stm32f429idiscovery.a(stm32f_4_411_429i_discovery.o)
                              stm_transmitter.o (cdcacm_f429_init)
../../../../../../../libopencm3-plus//lib/libopencm3_plus_stm32f429idiscovery.a(data_structs.o)
                              ../../../../../../../libopencm3-plus//lib/libopencm3_plus_stm32f429idiscovery.a(cdcacm.o) (cbuf_init)
../../../../../../../libopencm3-plus//lib/libopencm3_plus_stm32f429idiscovery.a(misc.o)
                              ../../../../../../../libopencm3-plus//lib/libopencm3_plus_stm32f429idiscovery.a(stm32f_4_411_429i_discovery.o) (wait)
../../../../../../../libopencm3-plus//lib/libopencm3_plus_stm32f429idiscovery.a(syscall.o)
                              (_write)
../../../../../../../libopencm3-plus//lib/libopencm3_plus_stm32f429idiscovery.a(null.o)
                              ../../../../../../../libopencm3-plus//lib/libopencm3_plus_stm32f429idiscovery.a(syscall.o) (dotab_null)
../../../../../../../libopencm3//lib/libopencm3_stm32f4.a(gpio_common_all.o)
                              stm_transmitter.o (gpio_set)
../../../../../../../libopencm3//lib/libopencm3_stm32f4.a(gpio_common_f0234.o)
                              stm_transmitter.o (gpio_mode_setup)
../../../../../../../libopencm3//lib/libopencm3_stm32f4.a(rcc_common_all.o)
                              ../../../../../../../libopencm3-plus//lib/libopencm3_plus_stm32f429idiscovery.a(stm32f_4_411_429i_discovery.o) (rcc_peripheral_enable_clock)
../../../../../../../libopencm3//lib/libopencm3_stm32f4.a(rcc.o)
                              stm_transmitter.o (rcc_clock_setup_pll)
../../../../../../../libopencm3//lib/libopencm3_stm32f4.a(spi_common_all.o)
                              stm_transmitter.o (spi_enable)
../../../../../../../libopencm3//lib/libopencm3_stm32f4.a(spi_common_v1.o)
                              stm_transmitter.o (spi_set_dff_8bit)
../../../../../../../libopencm3//lib/libopencm3_stm32f4.a(usb.o)
                              ../../../../../../../libopencm3-plus//lib/libopencm3_plus_stm32f429idiscovery.a(cdcacm.o) (usbd_init)
../../../../../../../libopencm3//lib/libopencm3_stm32f4.a(usb_standard.o)
                              ../../../../../../../libopencm3-plus//lib/libopencm3_plus_stm32f429idiscovery.a(cdcacm.o) (usbd_register_set_config_callback)
../../../../../../../libopencm3//lib/libopencm3_stm32f4.a(usb_control.o)
                              ../../../../../../../libopencm3-plus//lib/libopencm3_plus_stm32f429idiscovery.a(cdcacm.o) (usbd_register_control_callback)
../../../../../../../libopencm3//lib/libopencm3_stm32f4.a(usb_f107.o)
                              ../../../../../../../libopencm3-plus//lib/libopencm3_plus_stm32f429idiscovery.a(cdcacm.o) (stm32f107_usb_driver)
../../../../../../../libopencm3//lib/libopencm3_stm32f4.a(usb_f207.o)
                              ../../../../../../../libopencm3-plus//lib/libopencm3_plus_stm32f429idiscovery.a(cdcacm.o) (stm32f207_usb_driver)
../../../../../../../libopencm3//lib/libopencm3_stm32f4.a(vector.o)
                              (reset_handler)
../../../../../../../libopencm3//lib/libopencm3_stm32f4.a(nvic.o)
                              ../../../../../../../libopencm3-plus//lib/libopencm3_plus_stm32f429idiscovery.a(stm32f_4_411_429i_discovery.o) (nvic_enable_irq)
../../../../../../../libopencm3//lib/libopencm3_stm32f4.a(flash_common_all.o)
                              ../../../../../../../libopencm3//lib/libopencm3_stm32f4.a(rcc.o) (flash_set_ws)
../../../../../../../libopencm3//lib/libopencm3_stm32f4.a(flash_common_idcache.o)
                              ../../../../../../../libopencm3//lib/libopencm3_stm32f4.a(rcc.o) (flash_dcache_enable)
../../../../../../../libopencm3//lib/libopencm3_stm32f4.a(pwr.o)
                              ../../../../../../../libopencm3//lib/libopencm3_stm32f4.a(rcc.o) (pwr_set_vos_scale)
../../../../../../../libopencm3//lib/libopencm3_stm32f4.a(usb_dwc_common.o)
                              ../../../../../../../libopencm3//lib/libopencm3_stm32f4.a(usb_f107.o) (dwc_set_address)
/usr/lib/gcc/arm-none-eabi/10.3.1/../../../arm-none-eabi/lib/thumb/v7e-m+fp/hard/libc.a(lib_a-abort.o)
                              ../../../../../../../libopencm3-plus//lib/libopencm3_plus_stm32f429idiscovery.a(syscall.o) (abort)
/usr/lib/gcc/arm-none-eabi/10.3.1/../../../arm-none-eabi/lib/thumb/v7e-m+fp/hard/libc.a(lib_a-fileno.o)
                              ../../../../../../../libopencm3-plus//lib/libopencm3_plus_stm32f429idiscovery.a(syscall.o) (fileno)
/usr/lib/gcc/arm-none-eabi/10.3.1/../../../arm-none-eabi/lib/thumb/v7e-m+fp/hard/libc.a(lib_a-findfp.o)
[...]
Memory Configuration

Name             Origin             Length             Attributes
rom              0x0000000008000000 0x0000000000200000 xr
ccm              0x0000000010000000 0x0000000000010000 xrw
ram              0x0000000020000000 0x0000000000030000 xrw
*default*        0x0000000000000000 0xffffffffffffffff

Linker script and memory map

LOAD stm_transmitter.o
LOAD ../../../../../../../libopencm3-plus//lib/libopencm3_plus_stm32f429idiscovery.a
LOAD /usr/lib/gcc/arm-none-eabi/10.3.1/../../../arm-none-eabi/lib/thumb/v7e-m+fp/hard/libm.a
LOAD ../../../../../../../libopencm3//lib/libopencm3_stm32f4.a
START GROUP
LOAD /usr/lib/gcc/arm-none-eabi/10.3.1/../../../arm-none-eabi/lib/thumb/v7e-m+fp/hard/libc.a
LOAD /usr/lib/gcc/arm-none-eabi/10.3.1/thumb/v7e-m+fp/hard/libgcc.a
LOAD /usr/lib/gcc/arm-none-eabi/10.3.1/../../../arm-none-eabi/lib/thumb/v7e-m+fp/hard/libnosys.a
END GROUP
START GROUP
LOAD /usr/lib/gcc/arm-none-eabi/10.3.1/thumb/v7e-m+fp/hard/libgcc.a
LOAD /usr/lib/gcc/arm-none-eabi/10.3.1/../../../arm-none-eabi/lib/thumb/v7e-m+fp/hard/libc.a
END GROUP

.text           0x0000000008000000     0x9a64
 *(.vectors)
 .vectors       0x0000000008000000      0x1ac ../../../../../../../libopencm3//lib/libopencm3_stm32f4.a(vector.o)
                0x0000000008000000                vector_table
 *(.text*)
 .text.leds_init
                0x00000000080001ac       0x2c stm_transmitter.o
                0x00000000080001ac                leds_init
 .text.led_green_on
                0x00000000080001d8       0x10 stm_transmitter.o
                0x00000000080001d8                led_green_on
 .text.led_green_off
                0x00000000080001e8       0x10 stm_transmitter.o
                0x00000000080001e8                led_green_off
 .text.read_reg
                0x00000000080001f8       0x48 stm_transmitter.o
                0x00000000080001f8                read_reg
 .text.write_reg
                0x0000000008000240       0x48 stm_transmitter.o
                0x0000000008000240                write_reg
 .text.read_axes_burst
                0x0000000008000288       0x68 stm_transmitter.o
                0x0000000008000288                read_axes_burst
 .text.spi_init
                0x00000000080002f0       0x8c stm_transmitter.o
                0x00000000080002f0                spi_init
 .text.system_init
                0x000000000800037c       0x2c stm_transmitter.o
                0x000000000800037c                system_init
 .text.console_init
                0x00000000080003a8       0x48 stm_transmitter.o
                0x00000000080003a8                console_init
 .text.startup.main
                0x00000000080003f0       0x90 stm_transmitter.o
                0x00000000080003f0                main
 .text.cdcacm_control_request
                0x0000000008000480       0x1c ../../../../../../../libopencm3-plus//lib/libopencm3_plus_stm32f429idiscovery.a(cdcacm.o)
 .text.cdcacm_callback_out
                0x000000000800049c        0xc ../../../../../../../libopencm3-plus//lib/libopencm3_plus_stm32f429idiscovery.a(cdcacm.o)
 .text.cdcacm_open
                0x00000000080004a8        0x4 ../../../../../../../libopencm3-plus//lib/libopencm3_plus_stm32f429idiscovery.a(cdcacm.o)
                0x00000000080004a8                cdcacm_open
 .text.cdcacm_close
                0x00000000080004ac        0x4 ../../../../../../../libopencm3-plus//lib/libopencm3_plus_stm32f429idiscovery.a(cdcacm.o)
                0x00000000080004ac                cdcacm_close
 .text.cdcacm_reset
                0x00000000080004b0        0x2 ../../../../../../../libopencm3-plus//lib/libopencm3_plus_stm32f429idiscovery.a(cdcacm.o)
                0x00000000080004b0                cdcacm_reset
 *fill*         0x00000000080004b2        0x2 
 .text.cdcacm_in_poll
                0x00000000080004b4       0x14 ../../../../../../../libopencm3-plus//lib/libopencm3_plus_stm32f429idiscovery.a(cdcacm.o)
                0x00000000080004b4                cdcacm_in_poll
 .text.cdcacm_read
                0x00000000080004c8       0x24 ../../../../../../../libopencm3-plus//lib/libopencm3_plus_stm32f429idiscovery.a(cdcacm.o)
                0x00000000080004c8                cdcacm_read
 .text.cdcacm_set_config
                0x00000000080004ec       0x88 ../../../../../../../libopencm3-plus//lib/libopencm3_plus_stm32f429idiscovery.a(cdcacm.o)
 .text.cdcacm_callback_in
                0x0000000008000574       0x28 ../../../../../../../libopencm3-plus//lib/libopencm3_plus_stm32f429idiscovery.a(cdcacm.o)
 .text.cdcacm_get_config
                0x000000000800059c        0xc ../../../../../../../libopencm3-plus//lib/libopencm3_plus_stm32f429idiscovery.a(cdcacm.o)
                0x000000000800059c                cdcacm_get_config
 .text.cdcacm_write_now
                0x00000000080005a8       0x20 ../../../../../../../libopencm3-plus//lib/libopencm3_plus_stm32f429idiscovery.a(cdcacm.o)
                0x00000000080005a8                cdcacm_write_now
 .text.cdcacm_write
                0x00000000080005c8       0x40 ../../../../../../../libopencm3-plus//lib/libopencm3_plus_stm32f429idiscovery.a(cdcacm.o)
                0x00000000080005c8                cdcacm_write
 .text.cdcacm_usb_init
                0x0000000008000608       0xc4 ../../../../../../../libopencm3-plus//lib/libopencm3_plus_stm32f429idiscovery.a(cdcacm.o)
                0x0000000008000608                cdcacm_usb_init
 .text.otg_fs_isr
                0x00000000080006cc        0xc ../../../../../../../libopencm3-plus//lib/libopencm3_plus_stm32f429idiscovery.a(stm32f_4_411_429i_discovery.o)
                0x00000000080006cc                otg_fs_isr
 .text.otg_hs_isr
                0x00000000080006d8        0x4 ../../../../../../../libopencm3-plus//lib/libopencm3_plus_stm32f429idiscovery.a(stm32f_4_411_429i_discovery.o)
                0x00000000080006d8                otg_hs_isr
 .text.cdcacm_f429_init
                0x00000000080006dc       0x58 ../../../../../../../libopencm3-plus//lib/libopencm3_plus_stm32f429idiscovery.a(stm32f_4_411_429i_discovery.o)
                0x00000000080006dc                cdcacm_f429_init
 .text.cbuf_init
                0x0000000008000734       0x2a ../../../../../../../libopencm3-plus//lib/libopencm3_plus_stm32f429idiscovery.a(data_structs.o)
                0x0000000008000734                cbuf_init
 .text.cbuf_used
                0x000000000800075e        0x4 ../../../../../../../libopencm3-plus//lib/libopencm3_plus_stm32f429idiscovery.a(data_structs.o)
                0x000000000800075e                cbuf_used
 .text.cbuf_pop
                0x0000000008000762       0x46 ../../../../../../../libopencm3-plus//lib/libopencm3_plus_stm32f429idiscovery.a(data_structs.o)
                0x0000000008000762                cbuf_pop
 .text.cbuf_append
                0x00000000080007a8       0x4e ../../../../../../../libopencm3-plus//lib/libopencm3_plus_stm32f429idiscovery.a(data_structs.o)
                0x00000000080007a8                cbuf_append
 *fill*         0x00000000080007f6        0x2 
 .text.wait     0x00000000080007f8       0x18 ../../../../../../../libopencm3-plus//lib/libopencm3_plus_stm32f429idiscovery.a(misc.o)
                0x00000000080007f8                wait
 .text.strlen2  0x0000000008000810        0xe ../../../../../../../libopencm3-plus//lib/libopencm3_plus_stm32f429idiscovery.a(misc.o)
                0x0000000008000810                strlen2
 .text.reverse  0x000000000800081e       0x24 ../../../../../../../libopencm3-plus//lib/libopencm3_plus_stm32f429idiscovery.a(misc.o)
                0x000000000800081e                reverse
 .text.my_itoa  0x0000000008000842       0x44 ../../../../../../../libopencm3-plus//lib/libopencm3_plus_stm32f429idiscovery.a(misc.o)
                0x0000000008000842                my_itoa
 *fill*         0x0000000008000886        0x2 
 .text._write   0x0000000008000888       0x10 ../../../../../../../libopencm3-plus//lib/libopencm3_plus_stm32f429idiscovery.a(syscall.o)
                0x0000000008000888                _write
 .text._read    0x0000000008000898       0x10 ../../../../../../../libopencm3-plus//lib/libopencm3_plus_stm32f429idiscovery.a(syscall.o)
                0x0000000008000898                _read
 .text._open    0x00000000080008a8       0x38 ../../../../../../../libopencm3-plus//lib/libopencm3_plus_stm32f429idiscovery.a(syscall.o)
                0x00000000080008a8                _open
 .text._close   0x00000000080008e0       0x10 ../../../../../../../libopencm3-plus//lib/libopencm3_plus_stm32f429idiscovery.a(syscall.o)
                0x00000000080008e0                _close
 .text._sbrk    0x00000000080008f0       0x44 ../../../../../../../libopencm3-plus//lib/libopencm3_plus_stm32f429idiscovery.a(syscall.o)
                0x00000000080008f0                _sbrk
 .text._stat    0x0000000008000934        0xa ../../../../../../../libopencm3-plus//lib/libopencm3_plus_stm32f429idiscovery.a(syscall.o)
                0x0000000008000934                _stat
 .text._fstat   0x000000000800093e        0xa ../../../../../../../libopencm3-plus//lib/libopencm3_plus_stm32f429idiscovery.a(syscall.o)
                0x000000000800093e                _fstat
 .text._lseek   0x0000000008000948        0x4 ../../../../../../../libopencm3-plus//lib/libopencm3_plus_stm32f429idiscovery.a(syscall.o)
                0x0000000008000948                _lseek
 .text.lo_poll  0x000000000800094c       0x24 ../../../../../../../libopencm3-plus//lib/libopencm3_plus_stm32f429idiscovery.a(syscall.o)
                0x000000000800094c                lo_poll
 .text.null_open
                0x0000000008000970        0x4 ../../../../../../../libopencm3-plus//lib/libopencm3_plus_stm32f429idiscovery.a(null.o)
                0x0000000008000970                null_open
 .text.null_close
                0x0000000008000974        0x4 ../../../../../../../libopencm3-plus//lib/libopencm3_plus_stm32f429idiscovery.a(null.o)
                0x0000000008000974                null_close
 .text.null_write
                0x0000000008000978        0x4 ../../../../../../../libopencm3-plus//lib/libopencm3_plus_stm32f429idiscovery.a(null.o)
                0x0000000008000978                null_write
 .text.null_read
                0x000000000800097c        0x4 ../../../../../../../libopencm3-plus//lib/libopencm3_plus_stm32f429idiscovery.a(null.o)
                0x000000000800097c                null_read
 .text.null_poll
                0x0000000008000980        0x4 ../../../../../../../libopencm3-plus//lib/libopencm3_plus_stm32f429idiscovery.a(null.o)
                0x0000000008000980                null_poll
 .text.gpio_set
                0x0000000008000984        0x4 ../../../../../../../libopencm3//lib/libopencm3_stm32f4.a(gpio_common_all.o)
                0x0000000008000984                gpio_set
 .text.gpio_clear
                0x0000000008000988        0x6 ../../../../../../../libopencm3//lib/libopencm3_stm32f4.a(gpio_common_all.o)
                0x0000000008000988                gpio_clear
 .text.gpio_mode_setup
                0x000000000800098e       0x40 ../../../../../../../libopencm3//lib/libopencm3_stm32f4.a(gpio_common_f0234.o)
                0x000000000800098e                gpio_mode_setup
 .text.gpio_set_af
                0x00000000080009ce       0x58 ../../../../../../../libopencm3//lib/libopencm3_stm32f4.a(gpio_common_f0234.o)
                0x00000000080009ce                gpio_set_af
 .text.rcc_periph_clock_enable
                0x0000000008000a26       0x1c ../../../../../../../libopencm3//lib/libopencm3_stm32f4.a(rcc_common_all.o)
                0x0000000008000a26                rcc_periph_clock_enable
 *fill*         0x0000000008000a42        0x2 
 .text.rcc_is_osc_ready
                0x0000000008000a44       0x64 ../../../../../../../libopencm3//lib/libopencm3_stm32f4.a(rcc.o)
                0x0000000008000a44                rcc_is_osc_ready
 .text.rcc_wait_for_osc_ready
                0x0000000008000aa8       0x10 ../../../../../../../libopencm3//lib/libopencm3_stm32f4.a(rcc.o)
                0x0000000008000aa8                rcc_wait_for_osc_ready
 .text.rcc_osc_on
                0x0000000008000ab8       0x74 ../../../../../../../libopencm3//lib/libopencm3_stm32f4.a(rcc.o)
                0x0000000008000ab8                rcc_osc_on
 .text.rcc_osc_off
                0x0000000008000b2c       0x74 ../../../../../../../libopencm3//lib/libopencm3_stm32f4.a(rcc.o)
                0x0000000008000b2c                rcc_osc_off
 .text.rcc_set_sysclk_source
                0x0000000008000ba0       0x18 ../../../../../../../libopencm3//lib/libopencm3_stm32f4.a(rcc.o)
                0x0000000008000ba0                rcc_set_sysclk_source
 .text.rcc_set_ppre2
                0x0000000008000bb8       0x18 ../../../../../../../libopencm3//lib/libopencm3_stm32f4.a(rcc.o)
                0x0000000008000bb8                rcc_set_ppre2
 .text.rcc_set_ppre1
                0x0000000008000bd0       0x18 ../../../../../../../libopencm3//lib/libopencm3_stm32f4.a(rcc.o)
                0x0000000008000bd0                rcc_set_ppre1
 .text.rcc_set_hpre
                0x0000000008000be8       0x18 ../../../../../../../libopencm3//lib/libopencm3_stm32f4.a(rcc.o)
                0x0000000008000be8                rcc_set_hpre
 .text.rcc_set_main_pll_hsi
                0x0000000008000c00       0x44 ../../../../../../../libopencm3//lib/libopencm3_stm32f4.a(rcc.o)
                0x0000000008000c00                rcc_set_main_pll_hsi
 .text.rcc_set_main_pll_hse
                0x0000000008000c44       0x44 ../../../../../../../libopencm3//lib/libopencm3_stm32f4.a(rcc.o)
                0x0000000008000c44                rcc_set_main_pll_hse
 .text.rcc_clock_setup_pll
                0x0000000008000c88       0xe4 ../../../../../../../libopencm3//lib/libopencm3_stm32f4.a(rcc.o)
                0x0000000008000c88                rcc_clock_setup_pll
 .text.spi_enable
                0x0000000008000d6c        0xa ../../../../../../../libopencm3//lib/libopencm3_stm32f4.a(spi_common_all.o)
                0x0000000008000d6c                spi_enable
 .text.spi_send
                0x0000000008000d76        0xa ../../../../../../../libopencm3//lib/libopencm3_stm32f4.a(spi_common_all.o)
                0x0000000008000d76                spi_send
 .text.spi_read
                0x0000000008000d80        0xc ../../../../../../../libopencm3//lib/libopencm3_stm32f4.a(spi_common_all.o)
                0x0000000008000d80                spi_read
 .text.spi_enable_software_slave_management
                0x0000000008000d8c       0x12 ../../../../../../../libopencm3//lib/libopencm3_stm32f4.a(spi_common_all.o)
                0x0000000008000d8c                spi_enable_software_slave_management
 .text.spi_set_nss_high
                0x0000000008000d9e        0xa ../../../../../../../libopencm3//lib/libopencm3_stm32f4.a(spi_common_all.o)
                0x0000000008000d9e                spi_set_nss_high
 .text.spi_set_baudrate_prescaler
                0x0000000008000da8       0x16 ../../../../../../../libopencm3//lib/libopencm3_stm32f4.a(spi_common_all.o)
                0x0000000008000da8                spi_set_baudrate_prescaler
 .text.spi_set_master_mode
                0x0000000008000dbe        0xa ../../../../../../../libopencm3//lib/libopencm3_stm32f4.a(spi_common_all.o)
                0x0000000008000dbe                spi_set_master_mode
 .text.spi_set_clock_polarity_1
                0x0000000008000dc8        0xa ../../../../../../../libopencm3//lib/libopencm3_stm32f4.a(spi_common_all.o)
                0x0000000008000dc8                spi_set_clock_polarity_1
 .text.spi_set_clock_phase_1
                0x0000000008000dd2        0xa ../../../../../../../libopencm3//lib/libopencm3_stm32f4.a(spi_common_all.o)
                0x0000000008000dd2                spi_set_clock_phase_1
 .text.spi_set_dff_8bit
                0x0000000008000ddc        0xa ../../../../../../../libopencm3//lib/libopencm3_stm32f4.a(spi_common_v1.o)
                0x0000000008000ddc                spi_set_dff_8bit
 *fill*         0x0000000008000de6        0x2 
 .text.usbd_init
                0x0000000008000de8       0x54 ../../../../../../../libopencm3//lib/libopencm3_stm32f4.a(usb.o)
                0x0000000008000de8                usbd_init
 .text.usbd_register_reset_callback
                0x0000000008000e3c        0x4 ../../../../../../../libopencm3//lib/libopencm3_stm32f4.a(usb.o)
                0x0000000008000e3c                usbd_register_reset_callback
 .text.usbd_poll
                0x0000000008000e40        0x8 ../../../../../../../libopencm3//lib/libopencm3_stm32f4.a(usb.o)
                0x0000000008000e40                usbd_poll
 .text.usbd_ep_setup
                0x0000000008000e48       0x10 ../../../../../../../libopencm3//lib/libopencm3_stm32f4.a(usb.o)
                0x0000000008000e48                usbd_ep_setup
 .text._usbd_reset
                0x0000000008000e58       0x30 ../../../../../../../libopencm3//lib/libopencm3_stm32f4.a(usb.o)
                0x0000000008000e58                _usbd_reset
 .text.usbd_ep_write_packet
                0x0000000008000e88       0x10 ../../../../../../../libopencm3//lib/libopencm3_stm32f4.a(usb.o)
                0x0000000008000e88                usbd_ep_write_packet
 .text.usbd_ep_read_packet
                0x0000000008000e98       0x10 ../../../../../../../libopencm3//lib/libopencm3_stm32f4.a(usb.o)
                0x0000000008000e98                usbd_ep_read_packet
 .text.usbd_ep_stall_set
                0x0000000008000ea8        0x8 ../../../../../../../libopencm3//lib/libopencm3_stm32f4.a(usb.o)
                0x0000000008000ea8                usbd_ep_stall_set
 .text.usbd_ep_stall_get
                0x0000000008000eb0        0x8 ../../../../../../../libopencm3//lib/libopencm3_stm32f4.a(usb.o)
                0x0000000008000eb0                usbd_ep_stall_get
 .text.usbd_ep_nak_set
                0x0000000008000eb8        0x8 ../../../../../../../libopencm3//lib/libopencm3_stm32f4.a(usb.o)
                0x0000000008000eb8                usbd_ep_nak_set
 .text.usb_standard_set_address
                0x0000000008000ec0       0x28 ../../../../../../../libopencm3//lib/libopencm3_stm32f4.a(usb_standard.o)
 .text.usb_standard_set_configuration
                0x0000000008000ee8       0x96 ../../../../../../../libopencm3//lib/libopencm3_stm32f4.a(usb_standard.o)
 .text.usb_standard_get_configuration
                0x0000000008000f7e       0x22 ../../../../../../../libopencm3//lib/libopencm3_stm32f4.a(usb_standard.o)
 .text.usb_standard_set_interface
                0x0000000008000fa0       0x54 ../../../../../../../libopencm3//lib/libopencm3_stm32f4.a(usb_standard.o)
 .text.usb_standard_get_interface
                0x0000000008000ff4       0x38 ../../../../../../../libopencm3//lib/libopencm3_stm32f4.a(usb_standard.o)
 .text.usb_standard_device_get_status
                0x000000000800102c       0x18 ../../../../../../../libopencm3//lib/libopencm3_stm32f4.a(usb_standard.o)
 .text.usb_standard_endpoint_get_status
                0x0000000008001044       0x2a ../../../../../../../libopencm3//lib/libopencm3_stm32f4.a(usb_standard.o)
 .text.usb_standard_endpoint_stall
                0x000000000800106e       0x10 ../../../../../../../libopencm3//lib/libopencm3_stm32f4.a(usb_standard.o)
 .text.usb_standard_endpoint_unstall
                0x000000000800107e       0x10 ../../../../../../../libopencm3//lib/libopencm3_stm32f4.a(usb_standard.o)
 .text.usb_standard_get_descriptor
                0x000000000800108e      0x2a0 ../../../../../../../libopencm3//lib/libopencm3_stm32f4.a(usb_standard.o)
 .text.usb_standard_interface_get_status
                0x000000000800132e       0x18 ../../../../../../../libopencm3//lib/libopencm3_stm32f4.a(usb_standard.o)
 .text.usbd_register_set_config_callback
                0x0000000008001346       0x28 ../../../../../../../libopencm3//lib/libopencm3_stm32f4.a(usb_standard.o)
                0x0000000008001346                usbd_register_set_config_callback
 *fill*         0x000000000800136e        0x2 
 .text._usbd_standard_request_device
                0x0000000008001370       0x4c ../../../../../../../libopencm3//lib/libopencm3_stm32f4.a(usb_standard.o)
                0x0000000008001370                _usbd_standard_request_device
 .text._usbd_standard_request_interface
                0x00000000080013bc       0x34 ../../../../../../../libopencm3//lib/libopencm3_stm32f4.a(usb_standard.o)
                0x00000000080013bc                _usbd_standard_request_interface
 .text._usbd_standard_request_endpoint
                0x00000000080013f0       0x40 ../../../../../../../libopencm3//lib/libopencm3_stm32f4.a(usb_standard.o)
                0x00000000080013f0                _usbd_standard_request_endpoint
 .text._usbd_standard_request
                0x0000000008001430       0x38 ../../../../../../../libopencm3//lib/libopencm3_stm32f4.a(usb_standard.o)
                0x0000000008001430                _usbd_standard_request
 .text.usb_control_send_chunk
                0x0000000008001468       0x52 ../../../../../../../libopencm3//lib/libopencm3_stm32f4.a(usb_control.o)
 .text.usb_control_request_dispatch
                0x00000000080014ba       0x60 ../../../../../../../libopencm3//lib/libopencm3_stm32f4.a(usb_control.o)
 .text.stall_transaction
                0x000000000800151a       0x14 ../../../../../../../libopencm3//lib/libopencm3_stm32f4.a(usb_control.o)
 .text.usb_control_recv_chunk
                0x000000000800152e       0x3c ../../../../../../../libopencm3//lib/libopencm3_stm32f4.a(usb_control.o)
 .text.usb_control_setup_read
                0x000000000800156a       0x66 ../../../../../../../libopencm3//lib/libopencm3_stm32f4.a(usb_control.o)
 .text.usbd_register_control_callback
                0x00000000080015d0       0x2c ../../../../../../../libopencm3//lib/libopencm3_stm32f4.a(usb_control.o)
                0x00000000080015d0                usbd_register_control_callback
 .text._usbd_control_setup
                0x00000000080015fc       0x60 ../../../../../../../libopencm3//lib/libopencm3_stm32f4.a(usb_control.o)
                0x00000000080015fc                _usbd_control_setup
 .text._usbd_control_out
                0x000000000800165c       0x82 ../../../../../../../libopencm3//lib/libopencm3_stm32f4.a(usb_control.o)
                0x000000000800165c                _usbd_control_out
 .text._usbd_control_in
                0x00000000080016de       0x64 ../../../../../../../libopencm3//lib/libopencm3_stm32f4.a(usb_control.o)
                0x00000000080016de                _usbd_control_in
 *fill*         0x0000000008001742        0x2 
 .text.stm32f107_usbd_init
                0x0000000008001744       0xa0 ../../../../../../../libopencm3//lib/libopencm3_stm32f4.a(usb_f107.o)
 .text.stm32f207_usbd_init
                0x00000000080017e4       0x84 ../../../../../../../libopencm3//lib/libopencm3_stm32f4.a(usb_f207.o)
 .text.blocking_handler
                0x0000000008001868        0x2 ../../../../../../../libopencm3//lib/libopencm3_stm32f4.a(vector.o)
                0x0000000008001868                dma2_stream1_isr
                0x0000000008001868                tim8_brk_tim12_isr
                0x0000000008001868                dma1_stream7_isr
                0x0000000008001868                usart3_isr
                0x0000000008001868                tim7_isr
                0x0000000008001868                dma2d_isr
                0x0000000008001868                uart8_isr
                0x0000000008001868                dma1_stream2_isr
                0x0000000008001868                blocking_handler
                0x0000000008001868                tim5_isr
                0x0000000008001868                rtc_wkup_isr
                0x0000000008001868                spi1_isr
                0x0000000008001868                i2c3_er_isr
                0x0000000008001868                exti2_isr
                0x0000000008001868                spi5_isr
                0x0000000008001868                usb_fs_wkup_isr
                0x0000000008001868                tamp_stamp_isr
                0x0000000008001868                can1_rx1_isr
                0x0000000008001868                dma2_stream0_isr
                0x0000000008001868                usart1_isr
                0x0000000008001868                i2c3_ev_isr
                0x0000000008001868                usage_fault_handler
                0x0000000008001868                can2_rx0_isr
                0x0000000008001868                dma1_stream6_isr
                0x0000000008001868                can2_rx1_isr
                0x0000000008001868                can1_sce_isr
                0x0000000008001868                tim1_cc_isr
                0x0000000008001868                can1_tx_isr
                0x0000000008001868                tim1_up_tim10_isr
                0x0000000008001868                sdio_isr
                0x0000000008001868                eth_isr
                0x0000000008001868                spi6_isr
                0x0000000008001868                dma2_stream5_isr
                0x0000000008001868                pvd_isr
                0x0000000008001868                can1_rx0_isr
                0x0000000008001868                rcc_isr
                0x0000000008001868                dma2_stream3_isr
                0x0000000008001868                flash_isr
                0x0000000008001868                uart4_isr
                0x0000000008001868                lcd_tft_isr
                0x0000000008001868                rtc_alarm_isr
                0x0000000008001868                exti15_10_isr
                0x0000000008001868                hash_rng_isr
                0x0000000008001868                tim1_trg_com_tim11_isr
                0x0000000008001868                hard_fault_handler
                0x0000000008001868                exti1_isr
                0x0000000008001868                i2c1_ev_isr
                0x0000000008001868                usart6_isr
                0x0000000008001868                spi2_isr
                0x0000000008001868                cryp_isr
                0x0000000008001868                nvic_wwdg_isr
                0x0000000008001868                dma1_stream1_isr
                0x0000000008001868                dma2_stream4_isr
                0x0000000008001868                exti3_isr
                0x0000000008001868                tim3_isr
                0x0000000008001868                usart2_isr
                0x0000000008001868                sai1_isr
                0x0000000008001868                fpu_isr
                0x0000000008001868                dma1_stream4_isr
                0x0000000008001868                i2c2_er_isr
                0x0000000008001868                i2c2_ev_isr
                0x0000000008001868                uart5_isr
                0x0000000008001868                dma2_stream6_isr
                0x0000000008001868                spi4_isr
                0x0000000008001868                adc_isr
                0x0000000008001868                dma2_stream7_isr
                0x0000000008001868                tim8_up_tim13_isr
                0x0000000008001868                fsmc_isr
                0x0000000008001868                exti4_isr
                0x0000000008001868                tim6_dac_isr
                0x0000000008001868                dma1_stream3_isr
                0x0000000008001868                tim8_trg_com_tim14_isr
                0x0000000008001868                mem_manage_handler
                0x0000000008001868                lcd_tft_err_isr
                0x0000000008001868                can2_tx_isr
                0x0000000008001868                exti9_5_isr
                0x0000000008001868                tim1_brk_tim9_isr
                0x0000000008001868                uart7_isr
                0x0000000008001868                can2_sce_isr
                0x0000000008001868                tim4_isr
                0x0000000008001868                otg_hs_wkup_isr
                0x0000000008001868                i2c1_er_isr
                0x0000000008001868                dma1_stream0_isr
                0x0000000008001868                tim8_cc_isr
                0x0000000008001868                dcmi_isr
                0x0000000008001868                dma2_stream2_isr
                0x0000000008001868                eth_wkup_isr
                0x0000000008001868                bus_fault_handler
                0x0000000008001868                otg_hs_ep1_out_isr
                0x0000000008001868                spi3_isr
                0x0000000008001868                dma1_stream5_isr
                0x0000000008001868                otg_hs_ep1_in_isr
                0x0000000008001868                tim2_isr
                0x0000000008001868                exti0_isr
 .text.null_handler
                0x000000000800186a        0x2 ../../../../../../../libopencm3//lib/libopencm3_stm32f4.a(vector.o)
                0x000000000800186a                null_handler
                0x000000000800186a                sv_call_handler
                0x000000000800186a                pend_sv_handler
                0x000000000800186a                debug_monitor_handler
                0x000000000800186a                sys_tick_handler
                0x000000000800186a                nmi_handler
 .text.reset_handler
                0x000000000800186c       0xa0 ../../../../../../../libopencm3//lib/libopencm3_stm32f4.a(vector.o)
                0x000000000800186c                reset_handler
 .text.nvic_enable_irq
                0x000000000800190c       0x1c ../../../../../../../libopencm3//lib/libopencm3_stm32f4.a(nvic.o)
                0x000000000800190c                nvic_enable_irq
 .text.nvic_set_priority
                0x0000000008001928       0x20 ../../../../../../../libopencm3//lib/libopencm3_stm32f4.a(nvic.o)
                0x0000000008001928                nvic_set_priority
 .text.flash_set_ws
                0x0000000008001948       0x18 ../../../../../../../libopencm3//lib/libopencm3_stm32f4.a(flash_common_all.o)
                0x0000000008001948                flash_set_ws
 .text.flash_dcache_enable
                0x0000000008001960       0x14 ../../../../../../../libopencm3//lib/libopencm3_stm32f4.a(flash_common_idcache.o)
                0x0000000008001960                flash_dcache_enable
 .text.flash_dcache_disable
                0x0000000008001974       0x14 ../../../../../../../libopencm3//lib/libopencm3_stm32f4.a(flash_common_idcache.o)
                0x0000000008001974                flash_dcache_disable
 .text.flash_icache_enable
                0x0000000008001988       0x14 ../../../../../../../libopencm3//lib/libopencm3_stm32f4.a(flash_common_idcache.o)
                0x0000000008001988                flash_icache_enable
 .text.flash_icache_disable
                0x000000000800199c       0x14 ../../../../../../../libopencm3//lib/libopencm3_stm32f4.a(flash_common_idcache.o)
                0x000000000800199c                flash_icache_disable
 .text.pwr_set_vos_scale
                0x00000000080019b0       0x18 ../../../../../../../libopencm3//lib/libopencm3_stm32f4.a(pwr.o)
                0x00000000080019b0                pwr_set_vos_scale
 .text.dwc_set_address
                0x00000000080019c8       0x18 ../../../../../../../libopencm3//lib/libopencm3_stm32f4.a(usb_dwc_common.o)
                0x00000000080019c8                dwc_set_address
 .text.dwc_ep_setup
                0x00000000080019e0      0x136 ../../../../../../../libopencm3//lib/libopencm3_stm32f4.a(usb_dwc_common.o)
                0x00000000080019e0                dwc_ep_setup
 .text.dwc_endpoints_reset
                0x0000000008001b16       0x4c ../../../../../../../libopencm3//lib/libopencm3_stm32f4.a(usb_dwc_common.o)
                0x0000000008001b16                dwc_endpoints_reset
 .text.dwc_ep_stall_set
                0x0000000008001b62       0x88 ../../../../../../../libopencm3//lib/libopencm3_stm32f4.a(usb_dwc_common.o)
                0x0000000008001b62                dwc_ep_stall_set
 .text.dwc_ep_stall_get
                0x0000000008001bea       0x28 ../../../../../../../libopencm3//lib/libopencm3_stm32f4.a(usb_dwc_common.o)
                0x0000000008001bea                dwc_ep_stall_get
 .text.dwc_ep_nak_set
                0x0000000008001c12       0x28 ../../../../../../../libopencm3//lib/libopencm3_stm32f4.a(usb_dwc_common.o)
                0x0000000008001c12                dwc_ep_nak_set
 .text.dwc_ep_write_packet
                0x0000000008001c3a       0x52 ../../../../../../../libopencm3//lib/libopencm3_stm32f4.a(usb_dwc_common.o)
                0x0000000008001c3a                dwc_ep_write_packet
 .text.dwc_ep_read_packet
                0x0000000008001c8c       0x74 ../../../../../../../libopencm3//lib/libopencm3_stm32f4.a(usb_dwc_common.o)
                0x0000000008001c8c                dwc_ep_read_packet
 .text.dwc_poll
                0x0000000008001d00      0x206 ../../../../../../../libopencm3//lib/libopencm3_stm32f4.a(usb_dwc_common.o)
                0x0000000008001d00                dwc_poll
 .text.dwc_disconnect
                0x0000000008001f06       0x1c ../../../../../../../libopencm3//lib/libopencm3_stm32f4.a(usb_dwc_common.o)
                0x0000000008001f06                dwc_disconnect
 *fill*         0x0000000008001f22        0x2 
 .text          0x0000000008001f24       0x10 /usr/lib/gcc/arm-none-eabi/10.3.1/../../../arm-none-eabi/lib/thumb/v7e-m+fp/hard/libc.a(lib_a-abort.o)
                0x0000000008001f24                abort
 .text          0x0000000008001f34       0x34 /usr/lib/gcc/arm-none-eabi/10.3.1/../../../arm-none-eabi/lib/thumb/v7e-m+fp/hard/libc.a(lib_a-fileno.o)
                0x0000000008001f34                fileno
 .text          0x0000000008001f68      0x218 /usr/lib/gcc/arm-none-eabi/10.3.1/../../../arm-none-eabi/lib/thumb/v7e-m+fp/hard/libc.a(lib_a-findfp.o)
                0x0000000008001f6c                _cleanup_r
                0x0000000008002054                __sfmoreglue
                0x0000000008002084                __sfp
                0x000000000800212c                _cleanup
                0x0000000008002140                __sinit
                0x0000000008002148                __sfp_lock_acquire
                0x000000000800214c                __sfp_lock_release
                0x0000000008002150                __sinit_lock_acquire
                0x0000000008002154                __sinit_lock_release
                0x0000000008002158                __fp_lock_all
                0x000000000800216c                __fp_unlock_all
 .text          0x0000000008002180       0x88 /usr/lib/gcc/arm-none-eabi/10.3.1/../../../arm-none-eabi/lib/thumb/v7e-m+fp/hard/libc.a(lib_a-fwalk.o)
                0x0000000008002180                _fwalk
                0x00000000080021c0                _fwalk_reent
 .text          0x0000000008002208       0xd0 /usr/lib/gcc/arm-none-eabi/10.3.1/../../../arm-none-eabi/lib/thumb/v7e-m+fp/hard/libc.a(lib_a-fwrite.o)
                0x0000000008002208                _fwrite_r
                0x000000000800226c                fwrite
 .text          0x00000000080022d8       0x80 /usr/lib/gcc/arm-none-eabi/10.3.1/../../../arm-none-eabi/lib/thumb/v7e-m+fp/hard/libc.a(lib_a-getc.o)
                0x00000000080022d8                _getc_r
                0x0000000008002314                getc
 .text          0x0000000008002358       0x20 /usr/lib/gcc/arm-none-eabi/10.3.1/../../../arm-none-eabi/lib/thumb/v7e-m+fp/hard/libc.a(lib_a-malloc.o)
                0x0000000008002358                malloc
                0x0000000008002368                free
 .text          0x0000000008002378      0x554 /usr/lib/gcc/arm-none-eabi/10.3.1/../../../arm-none-eabi/lib/thumb/v7e-m+fp/hard/libc.a(lib_a-mallocr.o)
                0x0000000008002378                _malloc_r
 .text          0x00000000080028cc      0x134 /usr/lib/gcc/arm-none-eabi/10.3.1/../../../arm-none-eabi/lib/thumb/v7e-m+fp/hard/libc.a(lib_a-memcpy.o)
                0x00000000080028cc                memcpy
 .text          0x0000000008002a00       0xa4 /usr/lib/gcc/arm-none-eabi/10.3.1/../../../arm-none-eabi/lib/thumb/v7e-m+fp/hard/libc.a(lib_a-memset.o)
                0x0000000008002a00                memset
 .text          0x0000000008002aa4        0x8 /usr/lib/gcc/arm-none-eabi/10.3.1/../../../arm-none-eabi/lib/thumb/v7e-m+fp/hard/libc.a(lib_a-mlock.o)
                0x0000000008002aa4                __malloc_lock
                0x0000000008002aa8                __malloc_unlock
 .text          0x0000000008002aac       0x48 /usr/lib/gcc/arm-none-eabi/10.3.1/../../../arm-none-eabi/lib/thumb/v7e-m+fp/hard/libc.a(lib_a-printf.o)
                0x0000000008002aac                _printf_r
                0x0000000008002acc                printf
 .text          0x0000000008002af4       0x78 /usr/lib/gcc/arm-none-eabi/10.3.1/../../../arm-none-eabi/lib/thumb/v7e-m+fp/hard/libc.a(lib_a-puts.o)
                0x0000000008002af4                _puts_r
                0x0000000008002b5c                puts
 .text          0x0000000008002b6c       0x70 /usr/lib/gcc/arm-none-eabi/10.3.1/../../../arm-none-eabi/lib/thumb/v7e-m+fp/hard/libc.a(lib_a-rget.o)
                0x0000000008002b6c                __srget_r
                0x0000000008002ba0                __srget
 .text          0x0000000008002bdc       0x24 /usr/lib/gcc/arm-none-eabi/10.3.1/../../../arm-none-eabi/lib/thumb/v7e-m+fp/hard/libc.a(lib_a-sbrkr.o)
                0x0000000008002bdc                _sbrk_r
 .text          0x0000000008002c00      0x174 /usr/lib/gcc/arm-none-eabi/10.3.1/../../../arm-none-eabi/lib/thumb/v7e-m+fp/hard/libc.a(lib_a-setvbuf.o)
                0x0000000008002c00                setvbuf
 .text          0x0000000008002d74      0x288 /usr/lib/gcc/arm-none-eabi/10.3.1/../../../arm-none-eabi/lib/thumb/v7e-m+fp/hard/libc.a(lib_a-signal.o)
                0x0000000008002d74                _init_signal_r
                0x0000000008002da4                _signal_r
                0x0000000008002df0                _raise_r
                0x0000000008002e48                __sigtramp_r
                0x0000000008002eac                raise
                0x0000000008002f08                signal
                0x0000000008002f5c                _init_signal
                0x0000000008002f94                __sigtramp
 .text          0x0000000008002ffc       0x30 /usr/lib/gcc/arm-none-eabi/10.3.1/../../../arm-none-eabi/lib/thumb/v7e-m+fp/hard/libc.a(lib_a-signalr.o)
                0x0000000008002ffc                _kill_r
                0x0000000008003028                _getpid_r
 .text          0x000000000800302c       0x90 /usr/lib/gcc/arm-none-eabi/10.3.1/../../../arm-none-eabi/lib/thumb/v7e-m+fp/hard/libc.a(lib_a-stdio.o)
                0x000000000800302c                __sread
                0x0000000008003050                __seofread
                0x0000000008003054                __swrite
                0x0000000008003094                __sseek
                0x00000000080030b4                __sclose
 *fill*         0x00000000080030bc        0x4 
 .text          0x00000000080030c0      0x2dc /usr/lib/gcc/arm-none-eabi/10.3.1/../../../arm-none-eabi/lib/thumb/v7e-m+fp/hard/libc.a(lib_a-strcmp.o)
                0x00000000080030c8                strcmp
 *fill*         0x000000000800339c       0x24 
 .text          0x00000000080033c0       0xdc /usr/lib/gcc/arm-none-eabi/10.3.1/../../../arm-none-eabi/lib/thumb/v7e-m+fp/hard/libc.a(lib_a-strlen.o)
                0x00000000080033c0                strlen
 *fill*         0x000000000800349c        0x4 
 .text          0x00000000080034a0     0x159c /usr/lib/gcc/arm-none-eabi/10.3.1/../../../arm-none-eabi/lib/thumb/v7e-m+fp/hard/libc.a(lib_a-vfprintf.o)
                0x00000000080034a0                _vfprintf_r
                0x00000000080049b4                vfprintf
 .text          0x0000000008004a3c       0x2c /usr/lib/gcc/arm-none-eabi/10.3.1/../../../arm-none-eabi/lib/thumb/v7e-m+fp/hard/libc.a(lib_a-writer.o)
                0x0000000008004a3c                _write_r
 .text          0x0000000008004a68       0xd4 /usr/lib/gcc/arm-none-eabi/10.3.1/../../../arm-none-eabi/lib/thumb/v7e-m+fp/hard/libc.a(lib_a-wsetup.o)
                0x0000000008004a68                __swsetup_r
 .text          0x0000000008004b3c       0x24 /usr/lib/gcc/arm-none-eabi/10.3.1/../../../arm-none-eabi/lib/thumb/v7e-m+fp/hard/libc.a(lib_a-closer.o)
                0x0000000008004b3c                _close_r
 .text          0x0000000008004b60     0x1064 /usr/lib/gcc/arm-none-eabi/10.3.1/../../../arm-none-eabi/lib/thumb/v7e-m+fp/hard/libc.a(lib_a-dtoa.o)
                0x0000000008004c88                _dtoa_r
 .text          0x0000000008005bc4       0xd4 /usr/lib/gcc/arm-none-eabi/10.3.1/../../../arm-none-eabi/lib/thumb/v7e-m+fp/hard/libc.a(lib_a-fclose.o)
                0x0000000008005c28                _fclose_r
                0x0000000008005c5c                fclose
 .text          0x0000000008005c98      0x1ac /usr/lib/gcc/arm-none-eabi/10.3.1/../../../arm-none-eabi/lib/thumb/v7e-m+fp/hard/libc.a(lib_a-fflush.o)
                0x0000000008005c98                __sflush_r
                0x0000000008005dc8                _fflush_r
                0x0000000008005df4                fflush
 .text          0x0000000008005e44      0x2ac /usr/lib/gcc/arm-none-eabi/10.3.1/../../../arm-none-eabi/lib/thumb/v7e-m+fp/hard/libc.a(lib_a-freer.o)
                0x0000000008005e44                _malloc_trim_r
                0x0000000008005ee4                _free_r
 .text          0x00000000080060f0      0x2f0 /usr/lib/gcc/arm-none-eabi/10.3.1/../../../arm-none-eabi/lib/thumb/v7e-m+fp/hard/libc.a(lib_a-fvwrite.o)
                0x00000000080060f0                __sfvwrite_r
 .text          0x00000000080063e0       0x14 /usr/lib/gcc/arm-none-eabi/10.3.1/../../../arm-none-eabi/lib/thumb/v7e-m+fp/hard/libc.a(lib_a-localeconv.o)
                0x00000000080063e0                __localeconv_l
                0x00000000080063e4                _localeconv_r
                0x00000000080063ec                localeconv
 .text          0x00000000080063f4       0x2c /usr/lib/gcc/arm-none-eabi/10.3.1/../../../arm-none-eabi/lib/thumb/v7e-m+fp/hard/libc.a(lib_a-lseekr.o)
                0x00000000080063f4                _lseek_r
 .text          0x0000000008006420      0x140 /usr/lib/gcc/arm-none-eabi/10.3.1/../../../arm-none-eabi/lib/thumb/v7e-m+fp/hard/libc.a(lib_a-makebuf.o)
                0x0000000008006420                __smakebuf_r
                0x0000000008006500                __swhatbuf_r
 .text          0x0000000008006560       0xa0 /usr/lib/gcc/arm-none-eabi/10.3.1/../../../arm-none-eabi/lib/thumb/v7e-m+fp/hard/libc.a(lib_a-memchr.o)
                0x0000000008006560                memchr
 .text          0x0000000008006600       0xf8 /usr/lib/gcc/arm-none-eabi/10.3.1/../../../arm-none-eabi/lib/thumb/v7e-m+fp/hard/libc.a(lib_a-memmove.o)
                0x0000000008006600                memmove
 .text          0x00000000080066f8      0xaa0 /usr/lib/gcc/arm-none-eabi/10.3.1/../../../arm-none-eabi/lib/thumb/v7e-m+fp/hard/libc.a(lib_a-mprec.o)
                0x00000000080066f8                _Balloc
                0x0000000008006744                _Bfree
                0x0000000008006758                __multadd
                0x0000000008006800                __s2b
                0x00000000080068b4                __hi0bits
                0x00000000080068f4                __lo0bits
                0x0000000008006954                __i2b
                0x00000000080069b0                __multiply
                0x0000000008006b0c                __pow5mult
                0x0000000008006bcc                __lshift
                0x0000000008006cbc                __mcmp
                0x0000000008006d00                __mdiff
                0x0000000008006e4c                __ulp
                0x0000000008006eac                __b2d
                0x0000000008006f6c                __d2b
                0x000000000800703c                __ratio
                0x0000000008007098                _mprec_log10
                0x00000000080070d8                __copybits
                0x0000000008007134                __any_on
 .text          0x0000000008007198       0x2c /usr/lib/gcc/arm-none-eabi/10.3.1/../../../arm-none-eabi/lib/thumb/v7e-m+fp/hard/libc.a(lib_a-readr.o)
                0x0000000008007198                _read_r
 .text          0x00000000080071c4      0x3d8 /usr/lib/gcc/arm-none-eabi/10.3.1/../../../arm-none-eabi/lib/thumb/v7e-m+fp/hard/libc.a(lib_a-reallocr.o)
                0x00000000080071c4                _realloc_r
 .text          0x000000000800759c      0x128 /usr/lib/gcc/arm-none-eabi/10.3.1/../../../arm-none-eabi/lib/thumb/v7e-m+fp/hard/libc.a(lib_a-refill.o)
                0x00000000080075b0                __srefill_r
 .text          0x00000000080076c4      0xd44 /usr/lib/gcc/arm-none-eabi/10.3.1/../../../arm-none-eabi/lib/thumb/v7e-m+fp/hard/libc.a(lib_a-vfiprintf.o)
                0x000000000800773c                __sprint_r
                0x0000000008007754                _vfiprintf_r
                0x0000000008008380                vfiprintf
 .text          0x0000000008008408       0x4c /usr/lib/gcc/arm-none-eabi/10.3.1/../../../arm-none-eabi/lib/thumb/v7e-m+fp/hard/libc.a(lib_a-assert.o)
                0x0000000008008408                __assert_func
                0x0000000008008448                __assert
 .text          0x0000000008008454       0x60 /usr/lib/gcc/arm-none-eabi/10.3.1/../../../arm-none-eabi/lib/thumb/v7e-m+fp/hard/libc.a(lib_a-callocr.o)
                0x0000000008008454                _calloc_r
 .text          0x00000000080084b4       0x44 /usr/lib/gcc/arm-none-eabi/10.3.1/../../../arm-none-eabi/lib/thumb/v7e-m+fp/hard/libc.a(lib_a-fiprintf.o)
                0x00000000080084b4                _fiprintf_r
                0x00000000080084d0                fiprintf
 .text          0x00000000080084f8      0x118 /usr/lib/gcc/arm-none-eabi/10.3.1/../../../arm-none-eabi/lib/thumb/v7e-m+fp/hard/libc.a(lib_a-fputwc.o)
                0x00000000080084f8                __fputwc
                0x00000000080085a0                _fputwc_r
                0x00000000080085c8                fputwc
 .text          0x0000000008008610       0x2c /usr/lib/gcc/arm-none-eabi/10.3.1/../../../arm-none-eabi/lib/thumb/v7e-m+fp/hard/libc.a(lib_a-fstatr.o)
                0x0000000008008610                _fstat_r
 .text          0x000000000800863c       0x24 /usr/lib/gcc/arm-none-eabi/10.3.1/../../../arm-none-eabi/lib/thumb/v7e-m+fp/hard/libc.a(lib_a-isattyr.o)
                0x000000000800863c                _isatty_r
 .text          0x0000000008008660       0x8c /usr/lib/gcc/arm-none-eabi/10.3.1/../../../arm-none-eabi/lib/thumb/v7e-m+fp/hard/libc.a(lib_a-locale.o)
                0x0000000008008660                _setlocale_r
                0x00000000080086a0                __locale_mb_cur_max
                0x00000000080086ac                setlocale
 .text          0x00000000080086ec       0x40 /usr/lib/gcc/arm-none-eabi/10.3.1/../../../arm-none-eabi/lib/thumb/v7e-m+fp/hard/libc.a(lib_a-mbtowc_r.o)
                0x00000000080086ec                _mbtowc_r
                0x0000000008008700                __ascii_mbtowc
 .text          0x000000000800872c       0xc8 /usr/lib/gcc/arm-none-eabi/10.3.1/../../../arm-none-eabi/lib/thumb/v7e-m+fp/hard/libc.a(lib_a-wbuf.o)
                0x000000000800872c                __swbuf_r
                0x00000000080087dc                __swbuf
 .text          0x00000000080087f4       0x88 /usr/lib/gcc/arm-none-eabi/10.3.1/../../../arm-none-eabi/lib/thumb/v7e-m+fp/hard/libc.a(lib_a-wcrtomb.o)
                0x00000000080087f4                _wcrtomb_r
                0x0000000008008830                wcrtomb
 .text          0x000000000800887c       0x30 /usr/lib/gcc/arm-none-eabi/10.3.1/../../../arm-none-eabi/lib/thumb/v7e-m+fp/hard/libc.a(lib_a-wctomb_r.o)
                0x000000000800887c                _wctomb_r
                0x0000000008008890                __ascii_wctomb
 .text          0x00000000080088ac      0x378 /usr/lib/gcc/arm-none-eabi/10.3.1/thumb/v7e-m+fp/hard/libgcc.a(_arm_addsubdf3.o)
                0x00000000080088ac                __aeabi_drsub
                0x00000000080088b4                __aeabi_dsub
                0x00000000080088b4                __subdf3
                0x00000000080088b8                __adddf3
                0x00000000080088b8                __aeabi_dadd
                0x0000000008008b30                __aeabi_ui2d
                0x0000000008008b30                __floatunsidf
                0x0000000008008b50                __floatsidf
                0x0000000008008b50                __aeabi_i2d
                0x0000000008008b74                __extendsfdf2
                0x0000000008008b74                __aeabi_f2d
                0x0000000008008bb8                __aeabi_ul2d
                0x0000000008008bb8                __floatundidf
                0x0000000008008bc8                __floatdidf
                0x0000000008008bc8                __aeabi_l2d
 .text          0x0000000008008c24      0x424 /usr/lib/gcc/arm-none-eabi/10.3.1/thumb/v7e-m+fp/hard/libgcc.a(_arm_muldivdf3.o)
                0x0000000008008c24                __aeabi_dmul
                0x0000000008008c24                __muldf3
                0x0000000008008e78                __aeabi_ddiv
                0x0000000008008e78                __divdf3
 .text          0x0000000008009048      0x110 /usr/lib/gcc/arm-none-eabi/10.3.1/thumb/v7e-m+fp/hard/libgcc.a(_arm_cmpdf2.o)
                0x0000000008009048                __gtdf2
                0x0000000008009048                __gedf2
                0x0000000008009050                __ltdf2
                0x0000000008009050                __ledf2
                0x0000000008009058                __cmpdf2
                0x0000000008009058                __eqdf2
                0x0000000008009058                __nedf2
                0x00000000080090d4                __aeabi_cdrcmple
                0x00000000080090e4                __aeabi_cdcmple
                0x00000000080090e4                __aeabi_cdcmpeq
                0x00000000080090f4                __aeabi_dcmpeq
                0x0000000008009108                __aeabi_dcmplt
                0x000000000800911c                __aeabi_dcmple
                0x0000000008009130                __aeabi_dcmpge
                0x0000000008009144                __aeabi_dcmpgt
 .text          0x0000000008009158       0x2c /usr/lib/gcc/arm-none-eabi/10.3.1/thumb/v7e-m+fp/hard/libgcc.a(_arm_unorddf2.o)
                0x0000000008009158                __aeabi_dcmpun
                0x0000000008009158                __unorddf2
 .text          0x0000000008009184       0x50 /usr/lib/gcc/arm-none-eabi/10.3.1/thumb/v7e-m+fp/hard/libgcc.a(_arm_fixdfsi.o)
                0x0000000008009184                __fixdfsi
                0x0000000008009184                __aeabi_d2iz
 .text          0x00000000080091d4       0x30 /usr/lib/gcc/arm-none-eabi/10.3.1/thumb/v7e-m+fp/hard/libgcc.a(_aeabi_uldivmod.o)
                0x00000000080091d4                __aeabi_uldivmod
 .text          0x0000000008009204      0x2d0 /usr/lib/gcc/arm-none-eabi/10.3.1/thumb/v7e-m+fp/hard/libgcc.a(_udivmoddi4.o)
                0x0000000008009204                __udivmoddi4
 .text          0x00000000080094d4        0x4 /usr/lib/gcc/arm-none-eabi/10.3.1/thumb/v7e-m+fp/hard/libgcc.a(_dvmd_tls.o)
                0x00000000080094d4                __aeabi_ldiv0
                0x00000000080094d4                __aeabi_idiv0
 .text          0x00000000080094d8       0x10 /usr/lib/gcc/arm-none-eabi/10.3.1/../../../arm-none-eabi/lib/thumb/v7e-m+fp/hard/libnosys.a(getpid.o)
                0x00000000080094d8                _getpid
 .text          0x00000000080094e8       0x10 /usr/lib/gcc/arm-none-eabi/10.3.1/../../../arm-none-eabi/lib/thumb/v7e-m+fp/hard/libnosys.a(isatty.o)
                0x00000000080094e8                _isatty
 .text          0x00000000080094f8       0x10 /usr/lib/gcc/arm-none-eabi/10.3.1/../../../arm-none-eabi/lib/thumb/v7e-m+fp/hard/libnosys.a(kill.o)
                0x00000000080094f8                _kill
 .text          0x0000000008009508        0x4 /usr/lib/gcc/arm-none-eabi/10.3.1/../../../arm-none-eabi/lib/thumb/v7e-m+fp/hard/libnosys.a(_exit.o)
                0x0000000008009508                _exit
                0x000000000800950c                . = ALIGN (0x4)
 *(.rodata*)
 .rodata.console_init.str1.1
                0x000000000800950c        0x7 stm_transmitter.o
 .rodata.main.str1.1
                0x0000000008009513       0x21 stm_transmitter.o
 .rodata.str1.1
                0x0000000008009534       0x2c ../../../../../../../libopencm3-plus//lib/libopencm3_plus_stm32f429idiscovery.a(cdcacm.o)
 .rodata.cdcacm_functional_descriptors
                0x0000000008009560       0x13 ../../../../../../../libopencm3-plus//lib/libopencm3_plus_stm32f429idiscovery.a(cdcacm.o)
 .rodata.comm_endp
                0x0000000008009573        0xf ../../../../../../../libopencm3-plus//lib/libopencm3_plus_stm32f429idiscovery.a(cdcacm.o)
 .rodata.comm_iface
                0x0000000008009582       0x15 ../../../../../../../libopencm3-plus//lib/libopencm3_plus_stm32f429idiscovery.a(cdcacm.o)
 .rodata.config
                0x0000000008009597        0xd ../../../../../../../libopencm3-plus//lib/libopencm3_plus_stm32f429idiscovery.a(cdcacm.o)
 .rodata.data_endp
                0x00000000080095a4       0x1e ../../../../../../../libopencm3-plus//lib/libopencm3_plus_stm32f429idiscovery.a(cdcacm.o)
 .rodata.data_iface
                0x00000000080095c2       0x15 ../../../../../../../libopencm3-plus//lib/libopencm3_plus_stm32f429idiscovery.a(cdcacm.o)
 .rodata.dev    0x00000000080095d7       0x12 ../../../../../../../libopencm3-plus//lib/libopencm3_plus_stm32f429idiscovery.a(cdcacm.o)
 *fill*         0x00000000080095e9        0x3 
 .rodata.ifaces
                0x00000000080095ec       0x20 ../../../../../../../libopencm3-plus//lib/libopencm3_plus_stm32f429idiscovery.a(cdcacm.o)
 .rodata.str1.1
                0x000000000800960c        0x5 ../../../../../../../libopencm3-plus//lib/libopencm3_plus_stm32f429idiscovery.a(null.o)
 *fill*         0x0000000008009611        0x3 
 .rodata.rcc_hse_8mhz_3v3
                0x0000000008009614       0x54 ../../../../../../../libopencm3//lib/libopencm3_stm32f4.a(rcc.o)
                0x0000000008009614                rcc_hse_8mhz_3v3
 .rodata.stm32f107_usb_driver
                0x0000000008009668       0x34 ../../../../../../../libopencm3//lib/libopencm3_stm32f4.a(usb_f107.o)
                0x0000000008009668                stm32f107_usb_driver
 .rodata.stm32f207_usb_driver
                0x000000000800969c       0x34 ../../../../../../../libopencm3//lib/libopencm3_stm32f4.a(usb_f207.o)
                0x000000000800969c                stm32f207_usb_driver
 .rodata        0x00000000080096d0        0x4 /usr/lib/gcc/arm-none-eabi/10.3.1/../../../arm-none-eabi/lib/thumb/v7e-m+fp/hard/libc.a(lib_a-impure.o)
                0x00000000080096d0                _global_impure_ptr
 .rodata.str1.4
                0x00000000080096d4        0x2 /usr/lib/gcc/arm-none-eabi/10.3.1/../../../arm-none-eabi/lib/thumb/v7e-m+fp/hard/libc.a(lib_a-puts.o)
 *fill*         0x00000000080096d6        0x2 
 .rodata.str1.4
                0x00000000080096d8       0x42 /usr/lib/gcc/arm-none-eabi/10.3.1/../../../arm-none-eabi/lib/thumb/v7e-m+fp/hard/libc.a(lib_a-vfprintf.o)
 *fill*         0x000000000800971a        0x2 
 .rodata        0x000000000800971c       0x20 /usr/lib/gcc/arm-none-eabi/10.3.1/../../../arm-none-eabi/lib/thumb/v7e-m+fp/hard/libc.a(lib_a-vfprintf.o)
 .rodata.str1.4
                0x000000000800973c       0x56 /usr/lib/gcc/arm-none-eabi/10.3.1/../../../arm-none-eabi/lib/thumb/v7e-m+fp/hard/libc.a(lib_a-dtoa.o)
                                         0x5a (size before relaxing)
 *fill*         0x0000000008009792        0x2 
 .rodata.str1.4
                0x0000000008009794       0x33 /usr/lib/gcc/arm-none-eabi/10.3.1/../../../arm-none-eabi/lib/thumb/v7e-m+fp/hard/libc.a(lib_a-mprec.o)
                                         0x47 (size before relaxing)
 *fill*         0x00000000080097c7        0x1 
 .rodata        0x00000000080097c8      0x128 /usr/lib/gcc/arm-none-eabi/10.3.1/../../../arm-none-eabi/lib/thumb/v7e-m+fp/hard/libc.a(lib_a-mprec.o)
                0x00000000080097d8                __mprec_tens
                0x00000000080098a0                __mprec_tinytens
                0x00000000080098c8                __mprec_bigtens
 .rodata.str1.4
                0x00000000080098f0       0x2f /usr/lib/gcc/arm-none-eabi/10.3.1/../../../arm-none-eabi/lib/thumb/v7e-m+fp/hard/libc.a(lib_a-vfiprintf.o)
 .rodata        0x00000000080098f0       0x20 /usr/lib/gcc/arm-none-eabi/10.3.1/../../../arm-none-eabi/lib/thumb/v7e-m+fp/hard/libc.a(lib_a-vfiprintf.o)
 .rodata.str1.4
                0x0000000008009910       0x3f /usr/lib/gcc/arm-none-eabi/10.3.1/../../../arm-none-eabi/lib/thumb/v7e-m+fp/hard/libc.a(lib_a-assert.o)
                                         0x43 (size before relaxing)
 *fill*         0x000000000800994f        0x1 
 .rodata.str1.4
                0x0000000008009950        0xe /usr/lib/gcc/arm-none-eabi/10.3.1/../../../arm-none-eabi/lib/thumb/v7e-m+fp/hard/libc.a(lib_a-locale.o)
                                         0x12 (size before relaxing)
 *fill*         0x000000000800995e        0x2 
 .rodata        0x0000000008009960      0x101 /usr/lib/gcc/arm-none-eabi/10.3.1/../../../arm-none-eabi/lib/thumb/v7e-m+fp/hard/libc.a(lib_a-ctype_.o)
                0x0000000008009960                _ctype_
                0x0000000008009a64                . = ALIGN (0x4)
 *fill*         0x0000000008009a61        0x3 

.glue_7         0x0000000008009a64        0x0
 .glue_7        0x0000000008009a64        0x0 linker stubs

.glue_7t        0x0000000008009a64        0x0
 .glue_7t       0x0000000008009a64        0x0 linker stubs

.vfp11_veneer   0x0000000008009a64        0x0
 .vfp11_veneer  0x0000000008009a64        0x0 linker stubs

.v4_bx          0x0000000008009a64        0x0
 .v4_bx         0x0000000008009a64        0x0 linker stubs

.iplt           0x0000000008009a64        0x0
 .iplt          0x0000000008009a64        0x0 stm_transmitter.o

.preinit_array  0x0000000008009a64        0x0
                0x0000000008009a64                . = ALIGN (0x4)
                0x0000000008009a64                __preinit_array_start = .
 *(.preinit_array)
                0x0000000008009a64                __preinit_array_end = .

.init_array     0x0000000008009a64        0x0
                0x0000000008009a64                . = ALIGN (0x4)
                0x0000000008009a64                __init_array_start = .
 *(SORT_BY_NAME(.init_array.*))
 *(.init_array)
                0x0000000008009a64                __init_array_end = .

.fini_array     0x0000000008009a64        0x0
                0x0000000008009a64                . = ALIGN (0x4)
                0x0000000008009a64                __fini_array_start = .
 *(.fini_array)
 *(SORT_BY_NAME(.fini_array.*))
                0x0000000008009a64                __fini_array_end = .

.ARM.extab
 *(.ARM.extab*)

.ARM.exidx      0x0000000008009a64        0x8
                0x0000000008009a64                __exidx_start = .
 *(.ARM.exidx*)
 .ARM.exidx     0x0000000008009a64        0x8 /usr/lib/gcc/arm-none-eabi/10.3.1/thumb/v7e-m+fp/hard/libgcc.a(_udivmoddi4.o)
                0x0000000008009a6c                __exidx_end = .

.rel.dyn        0x0000000008009a6c        0x0
 .rel.iplt      0x0000000008009a6c        0x0 stm_transmitter.o
                0x0000000008009a6c                . = ALIGN (0x4)
                0x0000000008009a6c                _etext = .

.noinit
 *(.noinit*)
                0x0000000008009a6c                . = ALIGN (0x4)

.data           0x0000000020000000      0xa0c load address 0x0000000008009a6c
                0x0000000020000000                _data = .
 *(.data*)
 .data.cdcacm_sent
                0x0000000020000000        0x4 ../../../../../../../libopencm3-plus//lib/libopencm3_plus_stm32f429idiscovery.a(cdcacm.o)
                0x0000000020000000                cdcacm_sent
 .data.dotab_cdcacm
                0x0000000020000004       0x18 ../../../../../../../libopencm3-plus//lib/libopencm3_plus_stm32f429idiscovery.a(cdcacm.o)
                0x0000000020000004                dotab_cdcacm
 .data.usb_strings
                0x000000002000001c        0xc ../../../../../../../libopencm3-plus//lib/libopencm3_plus_stm32f429idiscovery.a(cdcacm.o)
 .data.devoptab_list
                0x0000000020000028       0x10 ../../../../../../../libopencm3-plus//lib/libopencm3_plus_stm32f429idiscovery.a(syscall.o)
                0x0000000020000028                devoptab_list
 .data.dotab_null
                0x0000000020000038       0x18 ../../../../../../../libopencm3-plus//lib/libopencm3_plus_stm32f429idiscovery.a(null.o)
                0x0000000020000038                dotab_null
 .data.rcc_ahb_frequency
                0x0000000020000050        0x4 ../../../../../../../libopencm3//lib/libopencm3_stm32f4.a(rcc.o)
                0x0000000020000050                rcc_ahb_frequency
 .data.rcc_apb1_frequency
                0x0000000020000054        0x4 ../../../../../../../libopencm3//lib/libopencm3_stm32f4.a(rcc.o)
                0x0000000020000054                rcc_apb1_frequency
 .data.rcc_apb2_frequency
                0x0000000020000058        0x4 ../../../../../../../libopencm3//lib/libopencm3_stm32f4.a(rcc.o)
                0x0000000020000058                rcc_apb2_frequency
 *fill*         0x000000002000005c        0x4 
 .data          0x0000000020000060      0x430 /usr/lib/gcc/arm-none-eabi/10.3.1/../../../arm-none-eabi/lib/thumb/v7e-m+fp/hard/libc.a(lib_a-impure.o)
                0x0000000020000060                _impure_ptr
 .data          0x0000000020000490      0x410 /usr/lib/gcc/arm-none-eabi/10.3.1/../../../arm-none-eabi/lib/thumb/v7e-m+fp/hard/libc.a(lib_a-mallocr.o)
                0x0000000020000490                __malloc_av_
                0x0000000020000898                __malloc_sbrk_base
                0x000000002000089c                __malloc_trim_threshold
 .data          0x00000000200008a0      0x16c /usr/lib/gcc/arm-none-eabi/10.3.1/../../../arm-none-eabi/lib/thumb/v7e-m+fp/hard/libc.a(lib_a-locale.o)
                0x00000000200008a0                __global_locale
 *(.ramtext*)
                0x0000000020000a0c                . = ALIGN (0x4)
                0x0000000020000a0c                _edata = .
                0x0000000008009a6c                _data_loadaddr = LOADADDR (.data)

.igot.plt       0x0000000020000a0c        0x0 load address 0x000000000800a478
 .igot.plt      0x0000000020000a0c        0x0 stm_transmitter.o

.bss            0x0000000020000a0c      0xb7c load address 0x000000000800a478
 *(.bss*)
 .bss.buf.0     0x0000000020000a0c       0x40 ../../../../../../../libopencm3-plus//lib/libopencm3_plus_stm32f429idiscovery.a(cdcacm.o)
 .bss.buf.1     0x0000000020000a4c       0x40 ../../../../../../../libopencm3-plus//lib/libopencm3_plus_stm32f429idiscovery.a(cdcacm.o)
 .bss.buf_pos.2
                0x0000000020000a8c        0x4 ../../../../../../../libopencm3-plus//lib/libopencm3_plus_stm32f429idiscovery.a(cdcacm.o)
 .bss.cdc_cbuf_in
                0x0000000020000a90       0x1c ../../../../../../../libopencm3-plus//lib/libopencm3_plus_stm32f429idiscovery.a(cdcacm.o)
                0x0000000020000a90                cdc_cbuf_in
 .bss.configured
                0x0000000020000aac        0x4 ../../../../../../../libopencm3-plus//lib/libopencm3_plus_stm32f429idiscovery.a(cdcacm.o)
 .bss.serial_no
                0x0000000020000ab0        0x9 ../../../../../../../libopencm3-plus//lib/libopencm3_plus_stm32f429idiscovery.a(cdcacm.o)
                0x0000000020000ab0                serial_no
 .bss.usbd_control_buffer
                0x0000000020000ab9       0x80 ../../../../../../../libopencm3-plus//lib/libopencm3_plus_stm32f429idiscovery.a(cdcacm.o)
                0x0000000020000ab9                usbd_control_buffer
 *fill*         0x0000000020000b39        0x3 
 .bss.usbdev    0x0000000020000b3c        0x4 ../../../../../../../libopencm3-plus//lib/libopencm3_plus_stm32f429idiscovery.a(cdcacm.o)
                0x0000000020000b3c                usbdev
 .bss._heap     0x0000000020000b40      0x800 ../../../../../../../libopencm3-plus//lib/libopencm3_plus_stm32f429idiscovery.a(syscall.o)
                0x0000000020000b40                _heap
 .bss.first.1   0x0000000020001340        0x4 ../../../../../../../libopencm3-plus//lib/libopencm3_plus_stm32f429idiscovery.a(syscall.o)
 .bss.heap_end.0
                0x0000000020001344        0x4 ../../../../../../../libopencm3-plus//lib/libopencm3_plus_stm32f429idiscovery.a(syscall.o)
 .bss.usbd_dev  0x0000000020001348      0x104 ../../../../../../../libopencm3//lib/libopencm3_stm32f4.a(usb_f107.o)
 .bss.usbd_dev  0x000000002000144c      0x104 ../../../../../../../libopencm3//lib/libopencm3_stm32f4.a(usb_f207.o)
 .bss           0x0000000020001550       0x34 /usr/lib/gcc/arm-none-eabi/10.3.1/../../../arm-none-eabi/lib/thumb/v7e-m+fp/hard/libc.a(lib_a-mallocr.o)
                0x0000000020001550                __malloc_top_pad
                0x0000000020001554                __malloc_current_mallinfo
                0x000000002000157c                __malloc_max_sbrked_mem
                0x0000000020001580                __malloc_max_total_mem
 .bss           0x0000000020001584        0x4 /usr/lib/gcc/arm-none-eabi/10.3.1/../../../arm-none-eabi/lib/thumb/v7e-m+fp/hard/libc.a(lib_a-reent.o)
                0x0000000020001584                errno
 *(COMMON)
                0x0000000020001588                . = ALIGN (0x4)
                0x0000000020001588                _ebss = .

/DISCARD/
 *(.eh_frame)
                0x0000000020001588                . = ALIGN (0x4)
                0x0000000020001588                end = .
                0x0000000020030000                PROVIDE (_stack = (ORIGIN (ram) + LENGTH (ram)))
OUTPUT(stm_transmitter.elf elf32-littlearm)
LOAD linker stubs

.debug_info     0x0000000000000000    0x33a72
 .debug_info    0x0000000000000000     0x1907 stm_transmitter.o
 .debug_info    0x0000000000001907     0x10c7 ../../../../../../../libopencm3-plus//lib/libopencm3_plus_stm32f429idiscovery.a(cdcacm.o)
 .debug_info    0x00000000000029ce      0x76e ../../../../../../../libopencm3-plus//lib/libopencm3_plus_stm32f429idiscovery.a(stm32f_4_411_429i_discovery.o)
 .debug_info    0x000000000000313c      0x33e ../../../../../../../libopencm3-plus//lib/libopencm3_plus_stm32f429idiscovery.a(data_structs.o)
 .debug_info    0x000000000000347a      0x4af ../../../../../../../libopencm3-plus//lib/libopencm3_plus_stm32f429idiscovery.a(misc.o)
 .debug_info    0x0000000000003929     0x1023 ../../../../../../../libopencm3-plus//lib/libopencm3_plus_stm32f429idiscovery.a(syscall.o)
 .debug_info    0x000000000000494c      0x2b4 ../../../../../../../libopencm3-plus//lib/libopencm3_plus_stm32f429idiscovery.a(null.o)
 .debug_info    0x0000000000004c00      0x24e ../../../../../../../libopencm3//lib/libopencm3_stm32f4.a(gpio_common_all.o)
 .debug_info    0x0000000000004e4e      0x20f ../../../../../../../libopencm3//lib/libopencm3_stm32f4.a(gpio_common_f0234.o)
 .debug_info    0x000000000000505d      0x950 ../../../../../../../libopencm3//lib/libopencm3_stm32f4.a(rcc_common_all.o)
 .debug_info    0x00000000000059ad     0x1020 ../../../../../../../libopencm3//lib/libopencm3_stm32f4.a(rcc.o)
 .debug_info    0x00000000000069cd      0xa56 ../../../../../../../libopencm3//lib/libopencm3_stm32f4.a(spi_common_all.o)
 .debug_info    0x0000000000007423      0x15e ../../../../../../../libopencm3//lib/libopencm3_stm32f4.a(spi_common_v1.o)
 .debug_info    0x0000000000007581      0xf56 ../../../../../../../libopencm3//lib/libopencm3_stm32f4.a(usb.o)
 .debug_info    0x00000000000084d7     0x1668 ../../../../../../../libopencm3//lib/libopencm3_stm32f4.a(usb_standard.o)
 .debug_info    0x0000000000009b3f     0x1023 ../../../../../../../libopencm3//lib/libopencm3_stm32f4.a(usb_control.o)
 .debug_info    0x000000000000ab62      0xeb1 ../../../../../../../libopencm3//lib/libopencm3_stm32f4.a(usb_f107.o)
 .debug_info    0x000000000000ba13      0xeb1 ../../../../../../../libopencm3//lib/libopencm3_stm32f4.a(usb_f207.o)
 .debug_info    0x000000000000c8c4      0x2e6 ../../../../../../../libopencm3//lib/libopencm3_stm32f4.a(vector.o)
 .debug_info    0x000000000000cbaa      0x22d ../../../../../../../libopencm3//lib/libopencm3_stm32f4.a(nvic.o)
 .debug_info    0x000000000000cdd7       0xf0 ../../../../../../../libopencm3//lib/libopencm3_stm32f4.a(flash_common_all.o)
 .debug_info    0x000000000000cec7       0xe8 ../../../../../../../libopencm3//lib/libopencm3_stm32f4.a(flash_common_idcache.o)
 .debug_info    0x000000000000cfaf       0xdc ../../../../../../../libopencm3//lib/libopencm3_stm32f4.a(pwr.o)
 .debug_info    0x000000000000d08b      0xf30 ../../../../../../../libopencm3//lib/libopencm3_stm32f4.a(usb_dwc_common.o)
 .debug_info    0x000000000000dfbb       0xcb /usr/lib/gcc/arm-none-eabi/10.3.1/../../../arm-none-eabi/lib/thumb/v7e-m+fp/hard/libc.a(lib_a-abort.o)
 .debug_info    0x000000000000e086      0x97b /usr/lib/gcc/arm-none-eabi/10.3.1/../../../arm-none-eabi/lib/thumb/v7e-m+fp/hard/libc.a(lib_a-fileno.o)
 .debug_info    0x000000000000ea01      0xf66 /usr/lib/gcc/arm-none-eabi/10.3.1/../../../arm-none-eabi/lib/thumb/v7e-m+fp/hard/libc.a(lib_a-findfp.o)
 .debug_info    0x000000000000f967      0xa66 /usr/lib/gcc/arm-none-eabi/10.3.1/../../../arm-none-eabi/lib/thumb/v7e-m+fp/hard/libc.a(lib_a-fwalk.o)
 .debug_info    0x00000000000103cd      0xbf4 /usr/lib/gcc/arm-none-eabi/10.3.1/../../../arm-none-eabi/lib/thumb/v7e-m+fp/hard/libc.a(lib_a-fwrite.o)
 .debug_info    0x0000000000010fc1      0xa4e /usr/lib/gcc/arm-none-eabi/10.3.1/../../../arm-none-eabi/lib/thumb/v7e-m+fp/hard/libc.a(lib_a-getc.o)
 .debug_info    0x0000000000011a0f      0x92a /usr/lib/gcc/arm-none-eabi/10.3.1/../../../arm-none-eabi/lib/thumb/v7e-m+fp/hard/libc.a(lib_a-impure.o)
 .debug_info    0x0000000000012339      0x998 /usr/lib/gcc/arm-none-eabi/10.3.1/../../../arm-none-eabi/lib/thumb/v7e-m+fp/hard/libc.a(lib_a-malloc.o)
 .debug_info    0x0000000000012cd1      0xe95 /usr/lib/gcc/arm-none-eabi/10.3.1/../../../arm-none-eabi/lib/thumb/v7e-m+fp/hard/libc.a(lib_a-mallocr.o)
 .debug_info    0x0000000000013b66       0x26 /usr/lib/gcc/arm-none-eabi/10.3.1/../../../arm-none-eabi/lib/thumb/v7e-m+fp/hard/libc.a(lib_a-memcpy.o)
 .debug_info    0x0000000000013b8c      0x137 /usr/lib/gcc/arm-none-eabi/10.3.1/../../../arm-none-eabi/lib/thumb/v7e-m+fp/hard/libc.a(lib_a-memset.o)
 .debug_info    0x0000000000013cc3      0x942 /usr/lib/gcc/arm-none-eabi/10.3.1/../../../arm-none-eabi/lib/thumb/v7e-m+fp/hard/libc.a(lib_a-mlock.o)
 .debug_info    0x0000000000014605      0xa31 /usr/lib/gcc/arm-none-eabi/10.3.1/../../../arm-none-eabi/lib/thumb/v7e-m+fp/hard/libc.a(lib_a-printf.o)
 .debug_info    0x0000000000015036      0xae1 /usr/lib/gcc/arm-none-eabi/10.3.1/../../../arm-none-eabi/lib/thumb/v7e-m+fp/hard/libc.a(lib_a-puts.o)
 .debug_info    0x0000000000015b17      0xa5d /usr/lib/gcc/arm-none-eabi/10.3.1/../../../arm-none-eabi/lib/thumb/v7e-m+fp/hard/libc.a(lib_a-rget.o)
 .debug_info    0x0000000000016574      0x98e /usr/lib/gcc/arm-none-eabi/10.3.1/../../../arm-none-eabi/lib/thumb/v7e-m+fp/hard/libc.a(lib_a-sbrkr.o)
 .debug_info    0x0000000000016f02      0xade /usr/lib/gcc/arm-none-eabi/10.3.1/../../../arm-none-eabi/lib/thumb/v7e-m+fp/hard/libc.a(lib_a-setvbuf.o)
 .debug_info    0x00000000000179e0      0xf32 /usr/lib/gcc/arm-none-eabi/10.3.1/../../../arm-none-eabi/lib/thumb/v7e-m+fp/hard/libc.a(lib_a-signal.o)
 .debug_info    0x0000000000018912      0x9d7 /usr/lib/gcc/arm-none-eabi/10.3.1/../../../arm-none-eabi/lib/thumb/v7e-m+fp/hard/libc.a(lib_a-signalr.o)
 .debug_info    0x00000000000192e9      0xc22 /usr/lib/gcc/arm-none-eabi/10.3.1/../../../arm-none-eabi/lib/thumb/v7e-m+fp/hard/libc.a(lib_a-stdio.o)
 .debug_info    0x0000000000019f0b       0x26 /usr/lib/gcc/arm-none-eabi/10.3.1/../../../arm-none-eabi/lib/thumb/v7e-m+fp/hard/libc.a(lib_a-strcmp.o)
 .debug_info    0x0000000000019f31       0x26 /usr/lib/gcc/arm-none-eabi/10.3.1/../../../arm-none-eabi/lib/thumb/v7e-m+fp/hard/libc.a(lib_a-strlen.o)
 .debug_info    0x0000000000019f57     0x1b11 /usr/lib/gcc/arm-none-eabi/10.3.1/../../../arm-none-eabi/lib/thumb/v7e-m+fp/hard/libc.a(lib_a-vfprintf.o)
 .debug_info    0x000000000001ba68      0x9c0 /usr/lib/gcc/arm-none-eabi/10.3.1/../../../arm-none-eabi/lib/thumb/v7e-m+fp/hard/libc.a(lib_a-writer.o)
 .debug_info    0x000000000001c428      0x9c2 /usr/lib/gcc/arm-none-eabi/10.3.1/../../../arm-none-eabi/lib/thumb/v7e-m+fp/hard/libc.a(lib_a-wsetup.o)
 .debug_info    0x000000000001cdea      0x96b /usr/lib/gcc/arm-none-eabi/10.3.1/../../../arm-none-eabi/lib/thumb/v7e-m+fp/hard/libc.a(lib_a-closer.o)
 .debug_info    0x000000000001d755     0x1a53 /usr/lib/gcc/arm-none-eabi/10.3.1/../../../arm-none-eabi/lib/thumb/v7e-m+fp/hard/libc.a(lib_a-dtoa.o)
 .debug_info    0x000000000001f1a8      0xb4a /usr/lib/gcc/arm-none-eabi/10.3.1/../../../arm-none-eabi/lib/thumb/v7e-m+fp/hard/libc.a(lib_a-fclose.o)
 .debug_info    0x000000000001fcf2      0xbe3 /usr/lib/gcc/arm-none-eabi/10.3.1/../../../arm-none-eabi/lib/thumb/v7e-m+fp/hard/libc.a(lib_a-fflush.o)
 .debug_info    0x00000000000208d5      0xd10 /usr/lib/gcc/arm-none-eabi/10.3.1/../../../arm-none-eabi/lib/thumb/v7e-m+fp/hard/libc.a(lib_a-freer.o)
 .debug_info    0x00000000000215e5      0xcc4 /usr/lib/gcc/arm-none-eabi/10.3.1/../../../arm-none-eabi/lib/thumb/v7e-m+fp/hard/libc.a(lib_a-fvwrite.o)
 .debug_info    0x00000000000222a9      0xc3e /usr/lib/gcc/arm-none-eabi/10.3.1/../../../arm-none-eabi/lib/thumb/v7e-m+fp/hard/libc.a(lib_a-localeconv.o)
 .debug_info    0x0000000000022ee7      0x9a1 /usr/lib/gcc/arm-none-eabi/10.3.1/../../../arm-none-eabi/lib/thumb/v7e-m+fp/hard/libc.a(lib_a-lseekr.o)
 .debug_info    0x0000000000023888      0xdf2 /usr/lib/gcc/arm-none-eabi/10.3.1/../../../arm-none-eabi/lib/thumb/v7e-m+fp/hard/libc.a(lib_a-makebuf.o)
 .debug_info    0x000000000002467a       0x26 /usr/lib/gcc/arm-none-eabi/10.3.1/../../../arm-none-eabi/lib/thumb/v7e-m+fp/hard/libc.a(lib_a-memchr.o)
 .debug_info    0x00000000000246a0      0x152 /usr/lib/gcc/arm-none-eabi/10.3.1/../../../arm-none-eabi/lib/thumb/v7e-m+fp/hard/libc.a(lib_a-memmove.o)
 .debug_info    0x00000000000247f2     0x20d2 /usr/lib/gcc/arm-none-eabi/10.3.1/../../../arm-none-eabi/lib/thumb/v7e-m+fp/hard/libc.a(lib_a-mprec.o)
 .debug_info    0x00000000000268c4      0x9b9 /usr/lib/gcc/arm-none-eabi/10.3.1/../../../arm-none-eabi/lib/thumb/v7e-m+fp/hard/libc.a(lib_a-readr.o)
 .debug_info    0x000000000002727d      0xdb4 /usr/lib/gcc/arm-none-eabi/10.3.1/../../../arm-none-eabi/lib/thumb/v7e-m+fp/hard/libc.a(lib_a-reallocr.o)
 .debug_info    0x0000000000028031      0xbda /usr/lib/gcc/arm-none-eabi/10.3.1/../../../arm-none-eabi/lib/thumb/v7e-m+fp/hard/libc.a(lib_a-reent.o)
 .debug_info    0x0000000000028c0b      0xaab /usr/lib/gcc/arm-none-eabi/10.3.1/../../../arm-none-eabi/lib/thumb/v7e-m+fp/hard/libc.a(lib_a-refill.o)
 .debug_info    0x00000000000296b6     0x1926 /usr/lib/gcc/arm-none-eabi/10.3.1/../../../arm-none-eabi/lib/thumb/v7e-m+fp/hard/libc.a(lib_a-vfiprintf.o)
 .debug_info    0x000000000002afdc      0xa23 /usr/lib/gcc/arm-none-eabi/10.3.1/../../../arm-none-eabi/lib/thumb/v7e-m+fp/hard/libc.a(lib_a-assert.o)
 .debug_info    0x000000000002b9ff      0xa81 /usr/lib/gcc/arm-none-eabi/10.3.1/../../../arm-none-eabi/lib/thumb/v7e-m+fp/hard/libc.a(lib_a-callocr.o)
 .debug_info    0x000000000002c480      0xa5f /usr/lib/gcc/arm-none-eabi/10.3.1/../../../arm-none-eabi/lib/thumb/v7e-m+fp/hard/libc.a(lib_a-fiprintf.o)
 .debug_info    0x000000000002cedf      0xc12 /usr/lib/gcc/arm-none-eabi/10.3.1/../../../arm-none-eabi/lib/thumb/v7e-m+fp/hard/libc.a(lib_a-fputwc.o)
 .debug_info    0x000000000002daf1      0xb83 /usr/lib/gcc/arm-none-eabi/10.3.1/../../../arm-none-eabi/lib/thumb/v7e-m+fp/hard/libc.a(lib_a-fstatr.o)
 .debug_info    0x000000000002e674      0x96b /usr/lib/gcc/arm-none-eabi/10.3.1/../../../arm-none-eabi/lib/thumb/v7e-m+fp/hard/libc.a(lib_a-isattyr.o)
 .debug_info    0x000000000002efdf      0xe0a /usr/lib/gcc/arm-none-eabi/10.3.1/../../../arm-none-eabi/lib/thumb/v7e-m+fp/hard/libc.a(lib_a-locale.o)
 .debug_info    0x000000000002fde9      0xccd /usr/lib/gcc/arm-none-eabi/10.3.1/../../../arm-none-eabi/lib/thumb/v7e-m+fp/hard/libc.a(lib_a-mbtowc_r.o)
 .debug_info    0x0000000000030ab6      0xa5f /usr/lib/gcc/arm-none-eabi/10.3.1/../../../arm-none-eabi/lib/thumb/v7e-m+fp/hard/libc.a(lib_a-wbuf.o)
 .debug_info    0x0000000000031515      0xd4f /usr/lib/gcc/arm-none-eabi/10.3.1/../../../arm-none-eabi/lib/thumb/v7e-m+fp/hard/libc.a(lib_a-wcrtomb.o)
 .debug_info    0x0000000000032264      0xc86 /usr/lib/gcc/arm-none-eabi/10.3.1/../../../arm-none-eabi/lib/thumb/v7e-m+fp/hard/libc.a(lib_a-wctomb_r.o)
 .debug_info    0x0000000000032eea       0xb8 /usr/lib/gcc/arm-none-eabi/10.3.1/../../../arm-none-eabi/lib/thumb/v7e-m+fp/hard/libc.a(lib_a-ctype_.o)
 .debug_info    0x0000000000032fa2       0x26 /usr/lib/gcc/arm-none-eabi/10.3.1/thumb/v7e-m+fp/hard/libgcc.a(_arm_addsubdf3.o)
 .debug_info    0x0000000000032fc8       0x26 /usr/lib/gcc/arm-none-eabi/10.3.1/thumb/v7e-m+fp/hard/libgcc.a(_arm_muldivdf3.o)
 .debug_info    0x0000000000032fee       0x26 /usr/lib/gcc/arm-none-eabi/10.3.1/thumb/v7e-m+fp/hard/libgcc.a(_arm_cmpdf2.o)
 .debug_info    0x0000000000033014       0x26 /usr/lib/gcc/arm-none-eabi/10.3.1/thumb/v7e-m+fp/hard/libgcc.a(_arm_unorddf2.o)
 .debug_info    0x000000000003303a       0x26 /usr/lib/gcc/arm-none-eabi/10.3.1/thumb/v7e-m+fp/hard/libgcc.a(_arm_fixdfsi.o)
 .debug_info    0x0000000000033060       0x26 /usr/lib/gcc/arm-none-eabi/10.3.1/thumb/v7e-m+fp/hard/libgcc.a(_aeabi_uldivmod.o)
 .debug_info    0x0000000000033086      0x717 /usr/lib/gcc/arm-none-eabi/10.3.1/thumb/v7e-m+fp/hard/libgcc.a(_udivmoddi4.o)
 .debug_info    0x000000000003379d       0x26 /usr/lib/gcc/arm-none-eabi/10.3.1/thumb/v7e-m+fp/hard/libgcc.a(_dvmd_tls.o)
 .debug_info    0x00000000000337c3       0x9c /usr/lib/gcc/arm-none-eabi/10.3.1/../../../arm-none-eabi/lib/thumb/v7e-m+fp/hard/libnosys.a(getpid.o)
 .debug_info    0x000000000003385f       0xb1 /usr/lib/gcc/arm-none-eabi/10.3.1/../../../arm-none-eabi/lib/thumb/v7e-m+fp/hard/libnosys.a(isatty.o)
 .debug_info    0x0000000000033910       0xbf /usr/lib/gcc/arm-none-eabi/10.3.1/../../../arm-none-eabi/lib/thumb/v7e-m+fp/hard/libnosys.a(kill.o)
 .debug_info    0x00000000000339cf       0xa3 /usr/lib/gcc/arm-none-eabi/10.3.1/../../../arm-none-eabi/lib/thumb/v7e-m+fp/hard/libnosys.a(_exit.o)

.debug_abbrev   0x0000000000000000     0xac74
 .debug_abbrev  0x0000000000000000      0x329 stm_transmitter.o
 .debug_abbrev  0x0000000000000329      0x3b0 ../../../../../../../libopencm3-plus//lib/libopencm3_plus_stm32f429idiscovery.a(cdcacm.o)
 .debug_abbrev  0x00000000000006d9      0x10c ../../../../../../../libopencm3-plus//lib/libopencm3_plus_stm32f429idiscovery.a(stm32f_4_411_429i_discovery.o)
 .debug_abbrev  0x00000000000007e5      0x189 ../../../../../../../libopencm3-plus//lib/libopencm3_plus_stm32f429idiscovery.a(data_structs.o)
 .debug_abbrev  0x000000000000096e      0x133 ../../../../../../../libopencm3-plus//lib/libopencm3_plus_stm32f429idiscovery.a(misc.o)
 .debug_abbrev  0x0000000000000aa1      0x30a ../../../../../../../libopencm3-plus//lib/libopencm3_plus_stm32f429idiscovery.a(syscall.o)
 .debug_abbrev  0x0000000000000dab      0x152 ../../../../../../../libopencm3-plus//lib/libopencm3_plus_stm32f429idiscovery.a(null.o)
 .debug_abbrev  0x0000000000000efd      0x116 ../../../../../../../libopencm3//lib/libopencm3_stm32f4.a(gpio_common_all.o)
 .debug_abbrev  0x0000000000001013       0xbf ../../../../../../../libopencm3//lib/libopencm3_stm32f4.a(gpio_common_f0234.o)
 .debug_abbrev  0x00000000000010d2      0x177 ../../../../../../../libopencm3//lib/libopencm3_stm32f4.a(rcc_common_all.o)
 .debug_abbrev  0x0000000000001249      0x2ba ../../../../../../../libopencm3//lib/libopencm3_stm32f4.a(rcc.o)
 .debug_abbrev  0x0000000000001503      0x1d8 ../../../../../../../libopencm3//lib/libopencm3_stm32f4.a(spi_common_all.o)
 .debug_abbrev  0x00000000000016db       0xd2 ../../../../../../../libopencm3//lib/libopencm3_stm32f4.a(spi_common_v1.o)
 .debug_abbrev  0x00000000000017ad      0x27c ../../../../../../../libopencm3//lib/libopencm3_stm32f4.a(usb.o)
 .debug_abbrev  0x0000000000001a29      0x4b8 ../../../../../../../libopencm3//lib/libopencm3_stm32f4.a(usb_standard.o)
 .debug_abbrev  0x0000000000001ee1      0x3a8 ../../../../../../../libopencm3//lib/libopencm3_stm32f4.a(usb_control.o)
 .debug_abbrev  0x0000000000002289      0x213 ../../../../../../../libopencm3//lib/libopencm3_stm32f4.a(usb_f107.o)
 .debug_abbrev  0x000000000000249c      0x213 ../../../../../../../libopencm3//lib/libopencm3_stm32f4.a(usb_f207.o)
 .debug_abbrev  0x00000000000026af      0x15b ../../../../../../../libopencm3//lib/libopencm3_stm32f4.a(vector.o)
 .debug_abbrev  0x000000000000280a       0xb5 ../../../../../../../libopencm3//lib/libopencm3_stm32f4.a(nvic.o)
 .debug_abbrev  0x00000000000028bf       0x9a ../../../../../../../libopencm3//lib/libopencm3_stm32f4.a(flash_common_all.o)
 .debug_abbrev  0x0000000000002959       0x56 ../../../../../../../libopencm3//lib/libopencm3_stm32f4.a(flash_common_idcache.o)
 .debug_abbrev  0x00000000000029af       0x9c ../../../../../../../libopencm3//lib/libopencm3_stm32f4.a(pwr.o)
 .debug_abbrev  0x0000000000002a4b      0x399 ../../../../../../../libopencm3//lib/libopencm3_stm32f4.a(usb_dwc_common.o)
 .debug_abbrev  0x0000000000002de4       0x80 /usr/lib/gcc/arm-none-eabi/10.3.1/../../../arm-none-eabi/lib/thumb/v7e-m+fp/hard/libc.a(lib_a-abort.o)
 .debug_abbrev  0x0000000000002e64      0x20d /usr/lib/gcc/arm-none-eabi/10.3.1/../../../arm-none-eabi/lib/thumb/v7e-m+fp/hard/libc.a(lib_a-fileno.o)
 .debug_abbrev  0x0000000000003071      0x41a /usr/lib/gcc/arm-none-eabi/10.3.1/../../../arm-none-eabi/lib/thumb/v7e-m+fp/hard/libc.a(lib_a-findfp.o)
 .debug_abbrev  0x000000000000348b      0x1fe /usr/lib/gcc/arm-none-eabi/10.3.1/../../../arm-none-eabi/lib/thumb/v7e-m+fp/hard/libc.a(lib_a-fwalk.o)
 .debug_abbrev  0x0000000000003689      0x2da /usr/lib/gcc/arm-none-eabi/10.3.1/../../../arm-none-eabi/lib/thumb/v7e-m+fp/hard/libc.a(lib_a-fwrite.o)
 .debug_abbrev  0x0000000000003963      0x265 /usr/lib/gcc/arm-none-eabi/10.3.1/../../../arm-none-eabi/lib/thumb/v7e-m+fp/hard/libc.a(lib_a-getc.o)
 .debug_abbrev  0x0000000000003bc8      0x1b8 /usr/lib/gcc/arm-none-eabi/10.3.1/../../../arm-none-eabi/lib/thumb/v7e-m+fp/hard/libc.a(lib_a-impure.o)
 .debug_abbrev  0x0000000000003d80      0x21d /usr/lib/gcc/arm-none-eabi/10.3.1/../../../arm-none-eabi/lib/thumb/v7e-m+fp/hard/libc.a(lib_a-malloc.o)
 .debug_abbrev  0x0000000000003f9d      0x2f6 /usr/lib/gcc/arm-none-eabi/10.3.1/../../../arm-none-eabi/lib/thumb/v7e-m+fp/hard/libc.a(lib_a-mallocr.o)
 .debug_abbrev  0x0000000000004293       0x14 /usr/lib/gcc/arm-none-eabi/10.3.1/../../../arm-none-eabi/lib/thumb/v7e-m+fp/hard/libc.a(lib_a-memcpy.o)
 .debug_abbrev  0x00000000000042a7       0xb4 /usr/lib/gcc/arm-none-eabi/10.3.1/../../../arm-none-eabi/lib/thumb/v7e-m+fp/hard/libc.a(lib_a-memset.o)
 .debug_abbrev  0x000000000000435b      0x1f0 /usr/lib/gcc/arm-none-eabi/10.3.1/../../../arm-none-eabi/lib/thumb/v7e-m+fp/hard/libc.a(lib_a-mlock.o)
 .debug_abbrev  0x000000000000454b      0x27a /usr/lib/gcc/arm-none-eabi/10.3.1/../../../arm-none-eabi/lib/thumb/v7e-m+fp/hard/libc.a(lib_a-printf.o)
 .debug_abbrev  0x00000000000047c5      0x28d /usr/lib/gcc/arm-none-eabi/10.3.1/../../../arm-none-eabi/lib/thumb/v7e-m+fp/hard/libc.a(lib_a-puts.o)
 .debug_abbrev  0x0000000000004a52      0x28c /usr/lib/gcc/arm-none-eabi/10.3.1/../../../arm-none-eabi/lib/thumb/v7e-m+fp/hard/libc.a(lib_a-rget.o)
 .debug_abbrev  0x0000000000004cde      0x23d /usr/lib/gcc/arm-none-eabi/10.3.1/../../../arm-none-eabi/lib/thumb/v7e-m+fp/hard/libc.a(lib_a-sbrkr.o)
 .debug_abbrev  0x0000000000004f1b      0x283 /usr/lib/gcc/arm-none-eabi/10.3.1/../../../arm-none-eabi/lib/thumb/v7e-m+fp/hard/libc.a(lib_a-setvbuf.o)
 .debug_abbrev  0x000000000000519e      0x321 /usr/lib/gcc/arm-none-eabi/10.3.1/../../../arm-none-eabi/lib/thumb/v7e-m+fp/hard/libc.a(lib_a-signal.o)
 .debug_abbrev  0x00000000000054bf      0x242 /usr/lib/gcc/arm-none-eabi/10.3.1/../../../arm-none-eabi/lib/thumb/v7e-m+fp/hard/libc.a(lib_a-signalr.o)
 .debug_abbrev  0x0000000000005701      0x262 /usr/lib/gcc/arm-none-eabi/10.3.1/../../../arm-none-eabi/lib/thumb/v7e-m+fp/hard/libc.a(lib_a-stdio.o)
 .debug_abbrev  0x0000000000005963       0x14 /usr/lib/gcc/arm-none-eabi/10.3.1/../../../arm-none-eabi/lib/thumb/v7e-m+fp/hard/libc.a(lib_a-strcmp.o)
 .debug_abbrev  0x0000000000005977       0x14 /usr/lib/gcc/arm-none-eabi/10.3.1/../../../arm-none-eabi/lib/thumb/v7e-m+fp/hard/libc.a(lib_a-strlen.o)
 .debug_abbrev  0x000000000000598b      0x44f /usr/lib/gcc/arm-none-eabi/10.3.1/../../../arm-none-eabi/lib/thumb/v7e-m+fp/hard/libc.a(lib_a-vfprintf.o)
 .debug_abbrev  0x0000000000005dda      0x217 /usr/lib/gcc/arm-none-eabi/10.3.1/../../../arm-none-eabi/lib/thumb/v7e-m+fp/hard/libc.a(lib_a-writer.o)
 .debug_abbrev  0x0000000000005ff1      0x246 /usr/lib/gcc/arm-none-eabi/10.3.1/../../../arm-none-eabi/lib/thumb/v7e-m+fp/hard/libc.a(lib_a-wsetup.o)
 .debug_abbrev  0x0000000000006237      0x212 /usr/lib/gcc/arm-none-eabi/10.3.1/../../../arm-none-eabi/lib/thumb/v7e-m+fp/hard/libc.a(lib_a-closer.o)
 .debug_abbrev  0x0000000000006449      0x323 /usr/lib/gcc/arm-none-eabi/10.3.1/../../../arm-none-eabi/lib/thumb/v7e-m+fp/hard/libc.a(lib_a-dtoa.o)
 .debug_abbrev  0x000000000000676c      0x2f1 /usr/lib/gcc/arm-none-eabi/10.3.1/../../../arm-none-eabi/lib/thumb/v7e-m+fp/hard/libc.a(lib_a-fclose.o)
 .debug_abbrev  0x0000000000006a5d      0x336 /usr/lib/gcc/arm-none-eabi/10.3.1/../../../arm-none-eabi/lib/thumb/v7e-m+fp/hard/libc.a(lib_a-fflush.o)
 .debug_abbrev  0x0000000000006d93      0x2b1 /usr/lib/gcc/arm-none-eabi/10.3.1/../../../arm-none-eabi/lib/thumb/v7e-m+fp/hard/libc.a(lib_a-freer.o)
 .debug_abbrev  0x0000000000007044      0x25e /usr/lib/gcc/arm-none-eabi/10.3.1/../../../arm-none-eabi/lib/thumb/v7e-m+fp/hard/libc.a(lib_a-fvwrite.o)
 .debug_abbrev  0x00000000000072a2      0x26a /usr/lib/gcc/arm-none-eabi/10.3.1/../../../arm-none-eabi/lib/thumb/v7e-m+fp/hard/libc.a(lib_a-localeconv.o)
 .debug_abbrev  0x000000000000750c      0x226 /usr/lib/gcc/arm-none-eabi/10.3.1/../../../arm-none-eabi/lib/thumb/v7e-m+fp/hard/libc.a(lib_a-lseekr.o)
 .debug_abbrev  0x0000000000007732      0x2df /usr/lib/gcc/arm-none-eabi/10.3.1/../../../arm-none-eabi/lib/thumb/v7e-m+fp/hard/libc.a(lib_a-makebuf.o)
 .debug_abbrev  0x0000000000007a11       0x14 /usr/lib/gcc/arm-none-eabi/10.3.1/../../../arm-none-eabi/lib/thumb/v7e-m+fp/hard/libc.a(lib_a-memchr.o)
 .debug_abbrev  0x0000000000007a25       0xc0 /usr/lib/gcc/arm-none-eabi/10.3.1/../../../arm-none-eabi/lib/thumb/v7e-m+fp/hard/libc.a(lib_a-memmove.o)
 .debug_abbrev  0x0000000000007ae5      0x4ae /usr/lib/gcc/arm-none-eabi/10.3.1/../../../arm-none-eabi/lib/thumb/v7e-m+fp/hard/libc.a(lib_a-mprec.o)
 .debug_abbrev  0x0000000000007f93      0x212 /usr/lib/gcc/arm-none-eabi/10.3.1/../../../arm-none-eabi/lib/thumb/v7e-m+fp/hard/libc.a(lib_a-readr.o)
 .debug_abbrev  0x00000000000081a5      0x275 /usr/lib/gcc/arm-none-eabi/10.3.1/../../../arm-none-eabi/lib/thumb/v7e-m+fp/hard/libc.a(lib_a-reallocr.o)
 .debug_abbrev  0x000000000000841a      0x2f4 /usr/lib/gcc/arm-none-eabi/10.3.1/../../../arm-none-eabi/lib/thumb/v7e-m+fp/hard/libc.a(lib_a-reent.o)
 .debug_abbrev  0x000000000000870e      0x289 /usr/lib/gcc/arm-none-eabi/10.3.1/../../../arm-none-eabi/lib/thumb/v7e-m+fp/hard/libc.a(lib_a-refill.o)
 .debug_abbrev  0x0000000000008997      0x430 /usr/lib/gcc/arm-none-eabi/10.3.1/../../../arm-none-eabi/lib/thumb/v7e-m+fp/hard/libc.a(lib_a-vfiprintf.o)
 .debug_abbrev  0x0000000000008dc7      0x22a /usr/lib/gcc/arm-none-eabi/10.3.1/../../../arm-none-eabi/lib/thumb/v7e-m+fp/hard/libc.a(lib_a-assert.o)
 .debug_abbrev  0x0000000000008ff1      0x241 /usr/lib/gcc/arm-none-eabi/10.3.1/../../../arm-none-eabi/lib/thumb/v7e-m+fp/hard/libc.a(lib_a-callocr.o)
 .debug_abbrev  0x0000000000009232      0x255 /usr/lib/gcc/arm-none-eabi/10.3.1/../../../arm-none-eabi/lib/thumb/v7e-m+fp/hard/libc.a(lib_a-fiprintf.o)
 .debug_abbrev  0x0000000000009487      0x34f /usr/lib/gcc/arm-none-eabi/10.3.1/../../../arm-none-eabi/lib/thumb/v7e-m+fp/hard/libc.a(lib_a-fputwc.o)
 .debug_abbrev  0x00000000000097d6      0x226 /usr/lib/gcc/arm-none-eabi/10.3.1/../../../arm-none-eabi/lib/thumb/v7e-m+fp/hard/libc.a(lib_a-fstatr.o)
 .debug_abbrev  0x00000000000099fc      0x212 /usr/lib/gcc/arm-none-eabi/10.3.1/../../../arm-none-eabi/lib/thumb/v7e-m+fp/hard/libc.a(lib_a-isattyr.o)
 .debug_abbrev  0x0000000000009c0e      0x2f5 /usr/lib/gcc/arm-none-eabi/10.3.1/../../../arm-none-eabi/lib/thumb/v7e-m+fp/hard/libc.a(lib_a-locale.o)
 .debug_abbrev  0x0000000000009f03      0x247 /usr/lib/gcc/arm-none-eabi/10.3.1/../../../arm-none-eabi/lib/thumb/v7e-m+fp/hard/libc.a(lib_a-mbtowc_r.o)
 .debug_abbrev  0x000000000000a14a      0x286 /usr/lib/gcc/arm-none-eabi/10.3.1/../../../arm-none-eabi/lib/thumb/v7e-m+fp/hard/libc.a(lib_a-wbuf.o)
 .debug_abbrev  0x000000000000a3d0      0x254 /usr/lib/gcc/arm-none-eabi/10.3.1/../../../arm-none-eabi/lib/thumb/v7e-m+fp/hard/libc.a(lib_a-wcrtomb.o)
 .debug_abbrev  0x000000000000a624      0x251 /usr/lib/gcc/arm-none-eabi/10.3.1/../../../arm-none-eabi/lib/thumb/v7e-m+fp/hard/libc.a(lib_a-wctomb_r.o)
 .debug_abbrev  0x000000000000a875       0x62 /usr/lib/gcc/arm-none-eabi/10.3.1/../../../arm-none-eabi/lib/thumb/v7e-m+fp/hard/libc.a(lib_a-ctype_.o)
 .debug_abbrev  0x000000000000a8d7       0x14 /usr/lib/gcc/arm-none-eabi/10.3.1/thumb/v7e-m+fp/hard/libgcc.a(_arm_addsubdf3.o)
 .debug_abbrev  0x000000000000a8eb       0x14 /usr/lib/gcc/arm-none-eabi/10.3.1/thumb/v7e-m+fp/hard/libgcc.a(_arm_muldivdf3.o)
 .debug_abbrev  0x000000000000a8ff       0x14 /usr/lib/gcc/arm-none-eabi/10.3.1/thumb/v7e-m+fp/hard/libgcc.a(_arm_cmpdf2.o)
 .debug_abbrev  0x000000000000a913       0x14 /usr/lib/gcc/arm-none-eabi/10.3.1/thumb/v7e-m+fp/hard/libgcc.a(_arm_unorddf2.o)
 .debug_abbrev  0x000000000000a927       0x14 /usr/lib/gcc/arm-none-eabi/10.3.1/thumb/v7e-m+fp/hard/libgcc.a(_arm_fixdfsi.o)
 .debug_abbrev  0x000000000000a93b       0x14 /usr/lib/gcc/arm-none-eabi/10.3.1/thumb/v7e-m+fp/hard/libgcc.a(_aeabi_uldivmod.o)
 .debug_abbrev  0x000000000000a94f      0x163 /usr/lib/gcc/arm-none-eabi/10.3.1/thumb/v7e-m+fp/hard/libgcc.a(_udivmoddi4.o)
 .debug_abbrev  0x000000000000aab2       0x14 /usr/lib/gcc/arm-none-eabi/10.3.1/thumb/v7e-m+fp/hard/libgcc.a(_dvmd_tls.o)
 .debug_abbrev  0x000000000000aac6       0x59 /usr/lib/gcc/arm-none-eabi/10.3.1/../../../arm-none-eabi/lib/thumb/v7e-m+fp/hard/libnosys.a(getpid.o)
 .debug_abbrev  0x000000000000ab1f       0x6d /usr/lib/gcc/arm-none-eabi/10.3.1/../../../arm-none-eabi/lib/thumb/v7e-m+fp/hard/libnosys.a(isatty.o)
 .debug_abbrev  0x000000000000ab8c       0x7e /usr/lib/gcc/arm-none-eabi/10.3.1/../../../arm-none-eabi/lib/thumb/v7e-m+fp/hard/libnosys.a(kill.o)
 .debug_abbrev  0x000000000000ac0a       0x6a /usr/lib/gcc/arm-none-eabi/10.3.1/../../../arm-none-eabi/lib/thumb/v7e-m+fp/hard/libnosys.a(_exit.o)

.debug_loc      0x0000000000000000    0x194a4
 .debug_loc     0x0000000000000000      0x219 stm_transmitter.o
 .debug_loc     0x0000000000000219      0x449 ../../../../../../../libopencm3-plus//lib/libopencm3_plus_stm32f429idiscovery.a(cdcacm.o)
 .debug_loc     0x0000000000000662      0x219 ../../../../../../../libopencm3-plus//lib/libopencm3_plus_stm32f429idiscovery.a(data_structs.o)
 .debug_loc     0x000000000000087b      0x5b1 ../../../../../../../libopencm3-plus//lib/libopencm3_plus_stm32f429idiscovery.a(misc.o)
 .debug_loc     0x0000000000000e2c      0x326 ../../../../../../../libopencm3-plus//lib/libopencm3_plus_stm32f429idiscovery.a(syscall.o)
 .debug_loc     0x0000000000001152       0x6f ../../../../../../../libopencm3-plus//lib/libopencm3_plus_stm32f429idiscovery.a(null.o)
 .debug_loc     0x00000000000011c1       0xbe ../../../../../../../libopencm3//lib/libopencm3_stm32f4.a(gpio_common_all.o)
 .debug_loc     0x000000000000127f      0x14f ../../../../../../../libopencm3//lib/libopencm3_stm32f4.a(gpio_common_f0234.o)
 .debug_loc     0x00000000000013ce      0x120 ../../../../../../../libopencm3//lib/libopencm3_stm32f4.a(rcc_common_all.o)
 .debug_loc     0x00000000000014ee      0x867 ../../../../../../../libopencm3//lib/libopencm3_stm32f4.a(rcc.o)
 .debug_loc     0x0000000000001d55      0x226 ../../../../../../../libopencm3//lib/libopencm3_stm32f4.a(spi_common_all.o)
 .debug_loc     0x0000000000001f7b      0x149 ../../../../../../../libopencm3//lib/libopencm3_stm32f4.a(spi_common_v1.o)
 .debug_loc     0x00000000000020c4      0x544 ../../../../../../../libopencm3//lib/libopencm3_stm32f4.a(usb.o)
 .debug_loc     0x0000000000002608     0x13bc ../../../../../../../libopencm3//lib/libopencm3_stm32f4.a(usb_standard.o)
 .debug_loc     0x00000000000039c4      0x83a ../../../../../../../libopencm3//lib/libopencm3_stm32f4.a(usb_control.o)
 .debug_loc     0x00000000000041fe      0x128 ../../../../../../../libopencm3//lib/libopencm3_stm32f4.a(vector.o)
 .debug_loc     0x0000000000004326      0x14d ../../../../../../../libopencm3//lib/libopencm3_stm32f4.a(nvic.o)
 .debug_loc     0x0000000000004473       0x47 ../../../../../../../libopencm3//lib/libopencm3_stm32f4.a(flash_common_all.o)
 .debug_loc     0x00000000000044ba       0x47 ../../../../../../../libopencm3//lib/libopencm3_stm32f4.a(pwr.o)
 .debug_loc     0x0000000000004501      0x8c0 ../../../../../../../libopencm3//lib/libopencm3_stm32f4.a(usb_dwc_common.o)